D/dalvikvm(  449): WAIT_FOR_CONCURRENT_GC blocked 32ms
I//system/bin/fsck_msdos(   92): ** Phase 3 - Checking Directories
D/dalvikvm(  643): GC_CONCURRENT freed 231K, 15% free 2491K/2904K, paused 2ms+1ms, total 44ms
I/ActivityThread(  661): Pub com.google.contacts.gal.provider: com.google.android.syncadapters.contacts.GalProvider
D/BluetoothAdapter(  655): 1090671840: getState() :  mService = null. Returning STATE_OFF
D/DebugService(  542): DebugService DebugService:
D/TelephonyDebugService(  542): TelephonyDebugService()
I/ActivityThread(  643): Pub call_log: com.android.providers.contacts.CallLogProvider
D/StorageNotification(  449): Startup with UMS connection false (media state checking)
D/BluetoothAdapter(  449): 1091444616: getState() :  mService = null. Returning STATE_OFF
D/BluetoothAdapter(  449): 1091444616: getState() :  mService = null. Returning STATE_OFF
I/StorageNotification(  449): UMS connection changed to false (media state checking)
D/SystemUIService(  449): loading: class com.android.systemui.power.PowerUI
D/SystemUIService(  449): running: com.android.systemui.power.PowerUI@4112da18
I/ActivityThread(  661): Pub com.google.android.gsf.gservices: com.google.android.gsf.gservices.GservicesProvider
I/GservicesProvider(  661): Gservices pushing to system: true; secure/global: true
D/SystemUIService(  449): loading: class com.android.systemui.media.RingtonePlayer
D/SystemUIService(  449): running: com.android.systemui.media.RingtonePlayer@4112e740
D/DevicePolicyManagerService(  367): Handling package changes for user 0
D/BluetoothManagerService(  367): Message: 30
E/BluetoothPhoneService(  542): Could not get a handle on Connection object for the call
W/CallNotifier(  542): Got onMwiChanged() on non-voice-capable device! Ignoring...
D/BluetoothManagerService(  367): Message: 300
D/BluetoothManagerService(  367): MESSAGE_USER_SWITCHED
V/SipBroadcastReceiver(  542): SIP VOIP not supported: android.net.sip.SIP_SERVICE_UP
I/ActivityThread(  661): Pub com.google.android.providers.talk: com.google.android.gsf.talk.TalkProvider
I/PhoneApp(  542): Headset phone created, binding local service.
I/AudioService(  367):   Remote Control   registerMediaButtonIntent() for PendingIntent{4122e0d0: PendingIntentRecord{41268ae8 android broadcastIntent}}
I/ActivityManager(  367): Start proc com.andrew.apollo:main for broadcast com.andrew.apollo/.service.MediaButtonIntentReceiver: pid=746 uid=10000 gids={50000, 3003, 1015, 1028}
I/Choreographer(  449): Skipped 69 frames!  The application may be doing too much work on its main thread.
D/dalvikvm(  661): GC_CONCURRENT freed 268K, 15% free 2541K/2988K, paused 3ms+3ms, total 52ms
D/dalvikvm(  661): WAIT_FOR_CONCURRENT_GC blocked 25ms
D/dalvikvm(  661): WAIT_FOR_CONCURRENT_GC blocked 20ms
D/dalvikvm(  553): GC_CONCURRENT freed 111K, 10% free 2799K/3088K, paused 2ms+25ms, total 87ms
D/dalvikvm(  661): GC_CONCURRENT freed 463K, 20% free 2589K/3232K, paused 2ms+1ms, total 25ms
D/dalvikvm(  661): WAIT_FOR_CONCURRENT_GC blocked 7ms
D/dalvikvm(  661): WAIT_FOR_CONCURRENT_GC blocked 13ms
E/Trace   (  746): error opening trace file: No such file or directory (2)
D/SyncManager(  367): setSyncAutomatically:  provider subscribedfeeds, user 0 -> true
D/SyncManager(  367): setSyncAutomatically: already set to true, doing nothing
D/PackageManager(  367): generateServicesMap() for 0
D/dalvikvm(  367): GC_CONCURRENT freed 487K, 12% free 4994K/5660K, paused 10ms+7ms, total 107ms
D/dalvikvm(  367): WAIT_FOR_CONCURRENT_GC blocked 67ms
D/dalvikvm(  367): WAIT_FOR_CONCURRENT_GC blocked 40ms
D/dalvikvm(  367): WAIT_FOR_CONCURRENT_GC blocked 40ms
D/dalvikvm(  367): WAIT_FOR_CONCURRENT_GC blocked 91ms
D/dalvikvm(  367): WAIT_FOR_CONCURRENT_GC blocked 21ms
D/dalvikvm(  367): WAIT_FOR_CONCURRENT_GC blocked 68ms
D/dalvikvm(  367): WAIT_FOR_CONCURRENT_GC blocked 41ms
D/PackageManager(  367): generateServicesMap() for 0
D/dalvikvm(  367): WAIT_FOR_CONCURRENT_GC blocked 42ms
D/dalvikvm(  367): WAIT_FOR_CONCURRENT_GC blocked 10ms
D/dalvikvm(  367): WAIT_FOR_CONCURRENT_GC blocked 61ms
D/dalvikvm(  367): WAIT_FOR_CONCURRENT_GC blocked 57ms
D/libEGL  (  449): loaded /vendor/lib/egl/libEGL_POWERVR_SGX540_120.so
D/NetworkLocationClient(  608): binding to Intent { act=com.google.android.location.internal.ANDROID_NLP pkg=com.google.android.location }
D/libEGL  (  449): loaded /vendor/lib/egl/libGLESv1_CM_POWERVR_SGX540_120.so
D/dalvikvm(  608): GC_CONCURRENT freed 286K, 17% free 2418K/2880K, paused 3ms+2ms, total 47ms
D/dalvikvm(  367): WAIT_FOR_CONCURRENT_GC blocked 129ms
D/libEGL  (  449): loaded /vendor/lib/egl/libGLESv2_POWERVR_SGX540_120.so
D/MetricsUtils(  570): [QUERY content://com.google.android.apps.uploader.PicasaUploadProvider/settings query-result:1 time:695]
D/PicasaUploader(  570):    wifiOnlyPhoto changed to true
D/PicasaUploader(  570):    wifiOnlyVideo changed to true
D/PicasaUploader(  570):    syncOnBattery changed to true
I/SearchManagerService(  367): Building list of searchable activities for userId=0
I/AudioService(  367):   Remote Control   registerMediaButtonIntent() for PendingIntent{411cf468: PendingIntentRecord{411e41a8 com.andrew.apollo broadcastIntent}}
D/PicasaUploaderSync(  570): sync account database
D/dalvikvm(  367): WAIT_FOR_CONCURRENT_GC blocked 191ms
W/Trebuchet.LauncherModel(  553): Desktop items loading interrupted:
W/Trebuchet.LauncherModel(  553): java.lang.NullPointerException
W/Trebuchet.LauncherModel(  553): 	at com.cyanogenmod.trebuchet.ShortcutInfo.toString(ShortcutInfo.java:178)
W/Trebuchet.LauncherModel(  553): 	at java.lang.StringBuilder.append(StringBuilder.java:202)
W/Trebuchet.LauncherModel(  553): 	at com.cyanogenmod.trebuchet.LauncherModel$LoaderTask.checkItemPlacement(LauncherModel.java:1199)
W/Trebuchet.LauncherModel(  553): 	at com.cyanogenmod.trebuchet.LauncherModel$LoaderTask.loadWorkspace(LauncherModel.java:1336)
W/Trebuchet.LauncherModel(  553): 	at com.cyanogenmod.trebuchet.LauncherModel$LoaderTask.loadAndBindWorkspace(LauncherModel.java:986)
W/Trebuchet.LauncherModel(  553): 	at com.cyanogenmod.trebuchet.LauncherModel$LoaderTask.run(LauncherModel.java:1090)
W/Trebuchet.LauncherModel(  553): 	at android.os.Handler.handleCallback(Handler.java:725)
W/Trebuchet.LauncherModel(  553): 	at android.os.Handler.dispatchMessage(Handler.java:92)
W/Trebuchet.LauncherModel(  553): 	at android.os.Looper.loop(Looper.java:137)
W/Trebuchet.LauncherModel(  553): 	at android.os.HandlerThread.run(HandlerThread.java:60)
D/dalvikvm(  553): GC_CONCURRENT freed 274K, 13% free 3029K/3480K, paused 2ms+8ms, total 52ms
D/dalvikvm(  661): GC_CONCURRENT freed 471K, 23% free 2513K/3232K, paused 1ms+2ms, total 53ms
D/PicasaUploaderSync(  570): accounts in DB=1
I/FusedLocation(  623): engine started (com.android.location.fused)
D/PicasaUploaderSyncManager(  570): background data: true
D/PicasaUploaderSyncManager(  570): battery info: false
D/OpenGLRenderer(  449): Enabling debug mode 0
D/TelephonyRegistry(  367): MSG_USER_SWITCHED userId=0
D/BluetoothAdapter(  449): 1091444616: getState() :  mService = null. Returning STATE_OFF
D/BluetoothAdapter(  449): 1091444616: getState() :  mService = null. Returning STATE_OFF
D/BluetoothAdapter(  449): 1091444616: getState() :  mService = null. Returning STATE_OFF
D/BluetoothAdapter(  449): 1091444616: getState() :  mService = null. Returning STATE_OFF
D/BluetoothAdapter(  449): 1091444616: getState() :  mService = null. Returning STATE_OFF
D/dalvikvm(  367): GC_CONCURRENT freed 460K, 13% free 5106K/5828K, paused 2ms+4ms, total 94ms
D/dalvikvm(  367): WAIT_FOR_CONCURRENT_GC blocked 91ms
D/BluetoothAdapter(  449): 1091444616: getState() :  mService = null. Returning STATE_OFF
D/BluetoothAdapter(  449): 1091444616: getState() :  mService = null. Returning STATE_OFF
D/BluetoothAdapter(  449): 1091444616: getState() :  mService = null. Returning STATE_OFF
D/BluetoothAdapter(  449): 1091444616: getState() :  mService = null. Returning STATE_OFF
D/BluetoothAdapter(  449): 1091444616: getState() :  mService = null. Returning STATE_OFF
I/Choreographer(  449): Skipped 36 frames!  The application may be doing too much work on its main thread.
D/dalvikvm(  608): GC_CONCURRENT freed 406K, 20% free 2409K/2992K, paused 3ms+1ms, total 25ms
I//system/bin/fsck_msdos(   92): ** Phase 4 - Checking for Lost Files
I/gmmInternalNlpService(  608): internal NLP onStart(com.google.android.location.internal.ANDROID_NLP) com.google.android.location
D/NetworkLocationClient(  608): onServiceConnected to ComponentInfo{com.google.android.location/com.google.android.location.internal.server.NetworkLocationService}
D/libEGL  (  553): loaded /vendor/lib/egl/libEGL_POWERVR_SGX540_120.so
D/libEGL  (  553): loaded /vendor/lib/egl/libGLESv1_CM_POWERVR_SGX540_120.so
D/libEGL  (  553): loaded /vendor/lib/egl/libGLESv2_POWERVR_SGX540_120.so
D/dalvikvm(  449): GC_FOR_ALLOC freed 126K, 8% free 3882K/4184K, paused 35ms, total 38ms
I/dalvikvm-heap(  449): Grow heap (frag case) to 11.773MB for 8192016-byte allocation
D/dalvikvm(  449): GC_CONCURRENT freed 7K, 3% free 11875K/12188K, paused 16ms+4ms, total 62ms
D/dalvikvm(  608): GC_CONCURRENT freed 195K, 12% free 2725K/3096K, paused 101ms+3ms, total 129ms
D/dalvikvm(  608): WAIT_FOR_CONCURRENT_GC blocked 13ms
D/OpenGLRenderer(  553): Enabling debug mode 0
I//system/bin/fsck_msdos(   92): Next free cluster in FSInfo block (14) not free
I//system/bin/fsck_msdos(   92): FIXED
I//system/bin/fsck_msdos(   92): 1099 files, 350872 free (1136294 clusters)
I/ActivityManager(  367): Displayed com.cyanogenmod.trebuchet/.Launcher: +2s446ms
I/Vold    (   92): Filesystem check completed OK
I/PackageManager(  367): Updating external media status from unmounted to mounted
I/Vold    (   92): Device /dev/block/vold/179:12, target /storage/sdcard0 mounted @ /mnt/secure/staging
D/Vold    (   92): Volume sdcard state changing 3 (Checking) -> 4 (Mounted)
I/MountService(  367): onEvent:: raw= 605 Volume sdcard /storage/sdcard0 state changed from 3 (Checking) to 4 (Mounted) cooked =  605 Volume sdcard /storage/sdcard0 state changed from 3 (Checking) to 4 (Mounted)
I/MountService(  367): notifyVolumeStateChange::checking
I/MountService(  367): updating volume state mounted
D/MountService(  367): volume state changed for /storage/sdcard0 (checking -> mounted)
E/VoldConnector(  367): NDC Command {3 volume mount /storage/sdcard0} took too long (3119ms)
D/MountService(  367): sendStorageIntent Intent { act=android.intent.action.MEDIA_MOUNTED dat=file:///storage/sdcard0 (has extras) } to UserHandle{-1}
D/dalvikvm(  608): GC_CONCURRENT freed 146K, 10% free 3088K/3412K, paused 3ms+3ms, total 102ms
D/dalvikvm(  608): WAIT_FOR_CONCURRENT_GC blocked 49ms
D/dalvikvm(  553): GC_CONCURRENT freed 195K, 13% free 3236K/3680K, paused 1ms+1ms, total 28ms
D/dalvikvm(  553): WAIT_FOR_CONCURRENT_GC blocked 26ms
I/wpa_supplicant(  447): wlan0: EPBUG: Going to authenticate
I/wpa_supplicant(  447): wlan0: SME: Trying to authenticate with 00:14:a9:f6:06:50 (SSID='midml' freq=2417 MHz)
D/MediaScannerReceiver(  508): action: android.intent.action.MEDIA_MOUNTED path: /storage/sdcard0
D/dalvikvm(  449): GC_FOR_ALLOC freed <1K, 3% free 11876K/12188K, paused 21ms, total 21ms
I/dalvikvm-heap(  449): Grow heap (frag case) to 18.189MB for 6733840-byte allocation
D/dalvikvm(  449): GC_CONCURRENT freed 0K, 2% free 18452K/18768K, paused 3ms+3ms, total 23ms
D/dalvikvm(  449): WAIT_FOR_CONCURRENT_GC blocked 18ms
D/VoldCmdListener(   92): asec list
W/MediaProvider(  508): no database for scanned volume external
W/WifiNormalizer(  608): No specific device detected. Offset set to -7.
I/wpa_supplicant(  447): wlan0: Trying to associate with 00:14:a9:f6:06:50 (SSID='midml' freq=2417 MHz)
I/wpa_supplicant(  447): wlan0: Associated with 00:14:a9:f6:06:50
I/wpa_supplicant(  447): wlan0: WPA: Key negotiation completed with 00:14:a9:f6:06:50 [PTK=CCMP GTK=TKIP]
I/wpa_supplicant(  447): wlan0: CTRL-EVENT-CONNECTED - Connection to 00:14:a9:f6:06:50 completed (auth) [id=0 id_str=]
E/wpa_supplicant(  447): Unsupported command: BTCOEXMODE 1
I/PackageManager(  367): No secure containers on sdcard
W/PackageManager(  367): Unknown permission android.permission.ADD_SYSTEM_SERVICE in package com.android.phone
W/PackageManager(  367): Unknown permission com.android.vending.billing.IBillingAccountService.BIND2 in package com.google.android.gsf.login
W/PackageManager(  367): Unknown permission com.android.chrome.TOS_ACKED in package com.google.android.gsf.login
W/PackageManager(  367): Unknown permission com.google.android.gallery3d.permission.GALLERY_PROVIDER in package com.android.bluetooth
W/PackageManager(  367): Not granting permission android.permission.SEND_DOWNLOAD_COMPLETED_INTENTS to package com.android.browser (protectionLevel=2 flags=0x89be45)
W/PackageManager(  367): Unknown permission com.cyanogenmod.filemanager.permissions.READ_THEME in package com.cyanogenmod.filemanager
W/PackageManager(  367): Unknown permission com.google.android.gallery3d.permission.PICASA_STORE in package com.android.dreams.phototable
W/PackageManager(  367): Unknown permission android.permission.READ_OWNER_DATA in package com.google.android.setupwizard
W/PackageManager(  367): Unknown permission android.permission.WRITE_OWNER_DATA in package com.google.android.setupwizard
W/PackageManager(  367): Unknown permission com.google.android.voicesearch.SHORTCUTS_ACCESS in package com.google.android.googlequicksearchbox
W/PackageManager(  367): Unknown permission com.google.googlenav.friend.permission.OPT_IN in package com.google.android.googlequicksearchbox
W/PackageManager(  367): Unknown permission com.google.android.apps.maps.permission.PREFETCH in package com.google.android.googlequicksearchbox
W/PackageManager(  367): Unknown permission com.google.android.apps.googlevoice.permission.AUTO_SEND in package com.google.android.googlequicksearchbox
W/PackageManager(  367): Not granting permission android.permission.SEND_DOWNLOAD_COMPLETED_INTENTS to package com.android.vending (protectionLevel=2 flags=0x8abe45)
W/PackageManager(  367): Unknown permission android.permission.ACCESS_4G_RADIO_DISABLE in package com.android.systemui
W/PackageManager(  367): Unknown permission android.permission.ACCESS_4G_STATE in package com.android.systemui
W/PackageManager(  367): Unknown permission android.permission.CHANGE_4G_STATE in package com.android.systemui
W/PackageManager(  367): Unknown permission com.google.android.gallery3d.permission.GALLERY_PROVIDER in package com.android.exchange
W/PackageManager(  367): Unknown permission com.google.android.gallery3d.permission.GALLERY_PROVIDER in package com.google.android.gm
W/PackageManager(  367): Unknown permission com.google.android.gallery3d.permission.GALLERY_PROVIDER in package com.android.email
W/PackageManager(  367): Not granting permission android.permission.DEVICE_POWER to package com.android.deskclock (protectionLevel=2 flags=0x88be45)
W/PackageManager(  367): Not granting permission android.permission.READ_DREAM_STATE to package com.google.android.gsf (protectionLevel=2 flags=0x883e45)
I/Choreographer(  449): Skipped 61 frames!  The application may be doing too much work on its main thread.
D/dalvikvm(  367): GC_CONCURRENT freed 493K, 13% free 5224K/5976K, paused 5ms+5ms, total 73ms
D/dalvikvm(  508): GC_CONCURRENT freed 212K, 14% free 2461K/2852K, paused 3ms+2ms, total 20ms
I/StorageNotification(  449): Media {/storage/sdcard0} state changed from {checking} -> {mounted} (primary = true)
I/SurfaceFlinger(   98): Boot is finished (12420 ms)
I/StorageNotification(  449): UMS connection changed to false (media state mounted)
V/DevicePolicyManagerService(  367): Sending password expiration notifications for action android.intent.action.BOOT_COMPLETED for user 0
I/ActivityManager(  367): Config changed: {1.0 ?mcc?mnc en_US ldltr sw600dp w600dp h951dp 160dpi lrg port finger -keyb/v/h -nav/h s.5 themeResource=null}
D/BluetoothManagerService(  367): Message: 30
D/dalvikvm(  553): GC_CONCURRENT freed 223K, 11% free 3401K/3800K, paused 11ms+15ms, total 56ms
W/ApplicationContext(  367): Calling a method in the system process without a qualified user: android.app.ContextImpl.bindService:1437 android.bluetooth.BluetoothHeadset.<init>:273 android.bluetooth.BluetoothAdapter.getProfileProxy:1155 
I/ActivityManager(  367): Start proc com.bel.android.dspmanager for broadcast com.bel.android.dspmanager/.receiver.BootCompletedReceiver: pid=815 uid=10013 gids={50013, 3002, 1028}
W/ApplicationContext(  367): Calling a method in the system process without a qualified user: android.app.ContextImpl.bindService:1437 android.bluetooth.BluetoothA2dp.<init>:160 android.bluetooth.BluetoothAdapter.getProfileProxy:1158 
V/WiredAccessoryManager(  367): init()
D/BluetoothManagerService(  367): Message: 30
I/QuickSettingsController(  449): Default tiles being loaded
I/QuickSettingsController(  449): Tiles list: toggleUser|toggleBrightness|toggleSettings|toggleWifi|toggleBattery|toggleAirplane|toggleBluetooth
E/Trace   (  815): error opening trace file: No such file or directory (2)
E/wpa_supplicant(  447): Unsupported command: BTCOEXMODE 2
D/DhcpInfoInternal(  367): makeLinkProperties with empty dns2!
D/DhcpInfoInternal(  367): makeLinkProperties with empty dns2!
W/Settings(  608): Setting airplane_mode_on has moved from android.provider.Settings.System to android.provider.Settings.Global, returning read-only value.
D/BluetoothAdapter(  449): 1091444616: getState() :  mService = null. Returning STATE_OFF
I/HeadsetService(  815): Starting service.
D/BluetoothAdapter(  449): 1091444616: getState() :  mService = null. Returning STATE_OFF
D/BluetoothAdapter(  449): 1091444616: getState() :  mService = null. Returning STATE_OFF
D/BluetoothAdapter(  449): 1091444616: getState() :  mService = null. Returning STATE_OFF
D/BluetoothAdapter(  449): 1091444616: getState() :  mService = null. Returning STATE_OFF
D/BluetoothAdapter(  449): 1091444616: getState() :  mService = null. Returning STATE_OFF
I/RecoverySystem(  367): No recovery log file
I/ActivityManager(  367): Start proc com.cyanogenmod.updater for broadcast com.cyanogenmod.updater/.receiver.UpdateCheckReceiver: pid=848 uid=10007 gids={50007, 3003, 1015, 2001, 1028}
D/ConnectivityService(  367): Captive portal check NetworkInfo: type: WIFI[], state: CONNECTING/CAPTIVE_PORTAL_CHECK, reason: (unspecified), extra: "midml", roaming: false, failover: false, isAvailable: true
D/dalvikvm(  367): GC_CONCURRENT freed 644K, 14% free 5317K/6140K, paused 22ms+5ms, total 82ms
D/dalvikvm(  367): WAIT_FOR_CONCURRENT_GC blocked 65ms
D/dalvikvm(  367): WAIT_FOR_CONCURRENT_GC blocked 63ms
D/dalvikvm(  367): WAIT_FOR_CONCURRENT_GC blocked 65ms
D/dalvikvm(  367): WAIT_FOR_CONCURRENT_GC blocked 44ms
D/dalvikvm(  367): WAIT_FOR_CONCURRENT_GC blocked 66ms
D/dalvikvm(  367): WAIT_FOR_CONCURRENT_GC blocked 58ms
D/dalvikvm(  367): WAIT_FOR_CONCURRENT_GC blocked 29ms
D/dalvikvm(  367): WAIT_FOR_CONCURRENT_GC blocked 64ms
D/dalvikvm(  367): WAIT_FOR_CONCURRENT_GC blocked 43ms
D/dalvikvm(  367): WAIT_FOR_CONCURRENT_GC blocked 24ms
I/PowerManagerService(  367): Boot animation finished.
E/Trace   (  848): error opening trace file: No such file or directory (2)
D/ConnectivityService(  367): ConnectivityChange for WIFI: CONNECTED/CONNECTED
D/BluetoothAdapter(  449): 1091444616: getState() :  mService = null. Returning STATE_OFF
I/UpdateCheckReceiver(  848): Scheduling future, repeating update checks.
I/ActivityManager(  367): Start proc com.android.providers.calendar for broadcast com.android.providers.calendar/.CalendarReceiver: pid=875 uid=10011 gids={50011, 3003, 1015, 1028}
I/BootReceiver(  367): Copying /proc/last_kmsg to DropBox (SYSTEM_LAST_KMSG)
D/dalvikvm(  367): GC_FOR_ALLOC freed 258K, 14% free 5401K/6240K, paused 53ms, total 53ms
D/dalvikvm(  367): GC_FOR_ALLOC freed 139K, 15% free 5390K/6340K, paused 40ms, total 41ms
I/dalvikvm-heap(  367): Grow heap (frag case) to 5.535MB for 102172-byte allocation
D/dalvikvm(  367): GC_FOR_ALLOC freed 5K, 15% free 5485K/6440K, paused 43ms, total 43ms
E/Trace   (  875): error opening trace file: No such file or directory (2)
I/ActivityThread(  875): Pub com.android.calendar: com.android.providers.calendar.CalendarProvider2
D/dalvikvm(  553): GC_CONCURRENT freed 415K, 15% free 3415K/4016K, paused 1ms+3ms, total 46ms
I/ActivityManager(  367): Start proc com.android.deskclock for broadcast com.android.deskclock/.AlarmInitReceiver: pid=890 uid=10015 gids={50015, 1028}
E/Trace   (  890): error opening trace file: No such file or directory (2)
I/ActivityThread(  890): Pub com.android.deskclock: com.android.deskclock.AlarmProvider
V/AlarmClock(  890): AlarmInitReceiver - Cleaning old timer and stopwatch data
V/AlarmClock(  890): AlarmInitReceiver finished
I/ActivityManager(  367): Start proc com.android.email for broadcast com.android.email/.service.EmailBroadcastReceiver: pid=908 uid=10018 gids={50018, 3003, 1015, 1028}
D/dalvikvm(  553): GC_CONCURRENT freed 245K, 14% free 3563K/4104K, paused 2ms+2ms, total 31ms
W/MediaScanner(  508): Error opening directory '/storage/sdcard0/.android_secure/', skipping: Permission denied.
E/Trace   (  908): error opening trace file: No such file or directory (2)
I/ActivityThread(  908): Pub com.android.email.provider;com.android.email.notifier: com.android.email.provider.EmailProvider
I/ActivityThread(  908): Pub com.android.email.attachmentprovider: com.android.email.provider.AttachmentProvider
D/ActivityThread(  908): Loading provider com.android.email.provider;com.android.email.notifier: com.android.email.provider.EmailProvider
I/ActivityManager(  367): Start proc com.android.exchange for service com.android.exchange/.ExchangeService: pid=926 uid=10019 gids={50019, 3003, 1015, 1028}
D/dalvikvm(   99): GC_EXPLICIT freed 38K, 9% free 2297K/2516K, paused 2ms+2ms, total 22ms
D/dalvikvm(   99): GC_EXPLICIT freed <1K, 9% free 2297K/2516K, paused 2ms+1ms, total 21ms
D/dalvikvm(  908): GC_CONCURRENT freed 214K, 14% free 2473K/2868K, paused 2ms+2ms, total 36ms
D/dalvikvm(   99): GC_EXPLICIT freed <1K, 9% free 2297K/2516K, paused 2ms+2ms, total 19ms
E/Trace   (  926): error opening trace file: No such file or directory (2)
I/ActivityThread(  926): Pub com.android.exchange.directory.provider: com.android.exchange.provider.ExchangeDirectoryProvider
D/dalvikvm(  508): GC_CONCURRENT freed 333K, 17% free 2523K/3032K, paused 3ms+3ms, total 34ms
D/ExchangeService(  926): !!! EAS ExchangeService, onCreate
D/Eas Debug(  926): Logging: 
D/ExchangeService(  926): !!! EAS ExchangeService, onStartCommand, startingUp = false, running = false
D/ExchangeService(  926): !!! EAS ExchangeService, onStartCommand, startingUp = true, running = false
D/dalvikvm(  655): GC_CONCURRENT freed 259K, 15% free 2500K/2940K, paused 2ms+1ms, total 32ms
I/BootReceiver(  655): Restore disabled by user preference.
I/BootReceiver(  655): Restore disabled by user preference.
D/BootReceiver(  655): KSM settings restored.
D/EmailProvider(  908): fromDatabase accounts: 0
D/EmailProvider(  908): ending toDatabase transaction; copyCount = 0
D/dalvikvm(  367): GC_FOR_ALLOC freed 482K, 17% free 5366K/6440K, paused 55ms, total 55ms
D/ExchangeService(  926): !!! EAS ExchangeService, onStartCommand, startingUp = true, running = false
D/ExchangeService(  926): Received deviceId from Email app: android1361049934508
D/ExchangeService(  926): Reconciling accounts...
D/Eas Debug(  926): Logging: 
I/ActivityManager(  367): Start proc com.android.voicedialer for broadcast com.android.voicedialer/.VoiceDialerReceiver: pid=962 uid=10045 gids={50045, 3002, 1028}
E/Trace   (  962): error opening trace file: No such file or directory (2)
I/ActivityManager(  367): Start proc com.google.android.apps.genie.geniewidget for broadcast com.google.android.apps.genie.geniewidget/.miniwidget.MiniWidgetProvider: pid=975 uid=10048 gids={50048, 3003, 1015, 1028}
E/Trace   (  975): error opening trace file: No such file or directory (2)
D/dalvikvm(  553): GC_FOR_ALLOC freed 250K, 14% free 3676K/4240K, paused 26ms, total 26ms
D/EmailProvider(  908): ending fromDatabase transaction; copyCount = 0
I/ActivityThread(  975): Pub com.google.android.apps.genie.geniewidget.weather: com.google.android.apps.genie.geniewidget.providers.WeatherProvider
I/ActivityThread(  975): Pub com.google.android.apps.genie.geniewidget.newsimage: com.google.android.apps.genie.geniewidget.providers.NewsImageProvider
I/System.out(  975): [INFO:8]: LogSource: Logging disabled
W/Genie   (  975): Cache file not found: java.io.FileNotFoundException: /data/data/com.google.android.apps.genie.geniewidget/cache/genie_masfcache: open failed: ENOENT (No such file or directory)
W/Genie   (  975): Cache file not found: java.io.FileNotFoundException: /data/data/com.google.android.apps.genie.geniewidget/cache/genie_iconcache: open failed: ENOENT (No such file or directory)
I/Genie   (  975): ignoring BOOT_COMPLETE since app has never been started
D/dalvikvm(  975): GC_CONCURRENT freed 189K, 13% free 2516K/2884K, paused 1ms+1ms, total 22ms
I/ActivityManager(  367): Start proc com.google.android.gm for broadcast com.google.android.gm/.GoogleMailDeviceStartupReceiver: pid=993 uid=10049 gids={50049, 3003, 1015, 1028}
W/ActivityManager(  367): Unable to start service Intent { cmp=com.android.email/.service.AttachmentDownloadService } U=0: not found
E/Trace   (  993): error opening trace file: No such file or directory (2)
W/ActivityManager(  367): Unable to start service Intent { cmp=com.android.email/.service.AttachmentDownloadService } U=0: not found
W/ActivityManager(  367): Unable to start service Intent { cmp=com.android.email/.service.AttachmentDownloadService } U=0: not found
I/ActivityThread(  993): Pub com.google.android.gm2.accountcache: com.android.mail.providers.GmailAccountCacheProvider
D/ExchangeService(  926): !!! EAS ExchangeService, onStartCommand, startingUp = false, running = false
W/ActivityManager(  367): Unable to start service Intent { cmp=com.android.email/.service.AttachmentDownloadService } U=0: not found
D/ExchangeService(  926): Reconciling accounts...
D/ActivityThread(  993): Loading provider com.android.gmail.ui: com.google.android.gm.provider.UiProvider
I/CalendarProvider2(  875): Sending notification intent: Intent { act=android.intent.action.PROVIDER_CHANGED dat=content://com.android.calendar }
W/ContentResolver(  875): Failed to get type for: content://com.android.calendar (Unknown URL content://com.android.calendar)
D/dalvikvm(  993): GC_CONCURRENT freed 215K, 14% free 2524K/2920K, paused 2ms+5ms, total 21ms
I/ActivityThread(  993): Pub gmail-ls: com.google.android.gm.provider.MailProvider
I/ActivityThread(  993): Pub com.google.android.gm2.conversation.provider: com.android.mail.browse.GmailConversationProvider
I/ActivityThread(  993): Pub com.google.android.gm.suggestionsprovider: com.android.mail.providers.SuggestionsProvider
I/ActivityThread(  993): Pub com.android.gmail.ui: com.google.android.gm.provider.UiProvider
I/ActivityThread(  993): Pub com.google.android.gm: com.google.android.gm.provider.PublicContentProvider
I/ActivityManager(  367): Start proc com.google.android.partnersetup for broadcast com.google.android.partnersetup/.GooglePartnerSetup: pid=1023 uid=10053 gids={50053, 3003, 1028}
E/Trace   ( 1023): error opening trace file: No such file or directory (2)
D/dalvikvm(  367): GC_EXPLICIT freed 569K, 19% free 5251K/6440K, paused 4ms+5ms, total 73ms
I/ActivityManager(  367): Start proc com.google.android.gsf.login for service com.google.android.gsf.login/com.google.android.gsf.loginservice.GoogleLoginService: pid=1038 uid=10035 gids={50035, 3003, 1007, 1028, 1015, 2001, 3006}
I/ActivityThread( 1023): Pub com.google.android.partnersetup.rlzprovider: com.google.android.partnersetup.RlzProvider
I/ActivityThread( 1023): Pub com.google.android.partnersetup.rlzappprovider: com.google.android.partnersetup.RlzAppProvider
E/Trace   ( 1038): error opening trace file: No such file or directory (2)
I/SystemUpdateService(  661): cancelUpdate (empty URL)
I/ActivityManager(  367): Start proc com.google.android.onetimeinitializer for broadcast com.google.android.onetimeinitializer/.OneTimeInitializerReceiver: pid=1068 uid=10057 gids={50057, 1028}
D/dalvikvm(  661): GC_CONCURRENT freed 361K, 20% free 2610K/3232K, paused 5ms+4ms, total 60ms
D/dalvikvm(  993): GC_CONCURRENT freed 223K, 13% free 2706K/3108K, paused 3ms+2ms, total 18ms
E/Trace   ( 1068): error opening trace file: No such file or directory (2)
I/SystemUpdateService(  661): cancelUpdate (empty URL)
D/dalvikvm(  508): null clazz in OP_INSTANCE_OF, single-stepping
D/dalvikvm(  508): GC_CONCURRENT freed 304K, 16% free 2606K/3088K, paused 2ms+2ms, total 23ms
D/dalvikvm(  508): GC_EXPLICIT freed 174K, 21% free 2448K/3088K, paused 2ms+2ms, total 22ms
V/OneTimeInitializerReceiver( 1068): OneTimeInitializerReceiver.onReceive
V/OneTimeService( 1068): OneTimeService.onHandleIntent
I/ActivityManager(  367): Start proc com.android.vending for broadcast com.android.vending/com.google.android.finsky.receivers.BootCompletedReceiver: pid=1086 uid=10058 gids={50058, 3003, 1015, 1028}
I/Gmail   (  993): calculateUnknownSyncRationalesAndPurgeInBackground: queueing
E/Trace   ( 1086): error opening trace file: No such file or directory (2)
I/RlzPingService( 1023): Setting next ping for 1361818216046
I/Gmail   (  993): Sending notification intent: Intent { act=com.android.mail.action.update_notification typ=application/gmail-ls (has extras) }
I/Gmail   (  993): calculateUnknownSyncRationalesAndPurgeInBackground: queueing
I/Gmail   (  993): Sending notification intent: Intent { act=com.android.mail.action.update_notification typ=application/gmail-ls (has extras) }
D/dalvikvm( 1086): GC_CONCURRENT freed 154K, 12% free 2601K/2936K, paused 2ms+33ms, total 52ms
I/ActivityThread( 1086): Pub com.google.android.finsky.QSBSuggestionsProvider2: com.google.android.finsky.providers.QSBSuggestionsProvider
I/ActivityThread( 1086): Pub com.google.android.finsky.AppIconProvider: com.google.android.finsky.providers.AppIconProvider
I/ActivityThread( 1086): Pub com.google.android.finsky.RecentSuggestionsProvider: com.google.android.finsky.providers.RecentSuggestionsProvider
I/Gmail   (  993): calculateUnknownSyncRationalesAndPurgeInBackground: running
I/Gmail   (  993): calculateUnknownSyncRationalesAndPurgeInBackground: running
D/dalvikvm(  367): GC_EXPLICIT freed 282K, 19% free 5270K/6440K, paused 3ms+6ms, total 71ms
D/Finsky  ( 1086): [1] FinskyApp.onCreate: Initializing network with DFE https://android.clients.google.com/fdfe/
D/dalvikvm( 1086): GC_CONCURRENT freed 218K, 13% free 2778K/3176K, paused 3ms+3ms, total 24ms
D/Finsky  ( 1086): [1] DailyHygiene.goMakeHygieneIfDirty: No need to run daily hygiene.
W/Settings( 1086): Setting download_manager_max_bytes_over_mobile has moved from android.provider.Settings.Secure to android.provider.Settings.Global.
W/Settings( 1086): Setting download_manager_recommended_max_bytes_over_mobile has moved from android.provider.Settings.Secure to android.provider.Settings.Global.
D/Volley  ( 1086): [101] DiskBasedCache.clear: Cache cleared.
D/Volley  ( 1086): [105] DiskBasedCache.clear: Cache cleared.
I/ActivityManager(  367): Start proc com.google.android.googlequicksearchbox for broadcast com.google.android.googlequicksearchbox/com.google.android.apps.sidekick.StartUpReceiver: pid=1122 uid=10059 gids={50059, 3003, 1028, 1007, 3002, 1015}
D/Finsky  ( 1086): [1] 2.run: Loaded library for account: [E2y65E6KzWxgbcWgI-hSar9aRRc]
D/Finsky  ( 1086): [1] 2.run: Finished loading 1 libraries.
E/Trace   ( 1122): error opening trace file: No such file or directory (2)
D/dalvikvm(  508): GC_CONCURRENT freed 240K, 16% free 2598K/3088K, paused 3ms+3ms, total 21ms
I/ActivityThread( 1122): Pub com.google.android.googlequicksearchbox.AudioProvider: com.google.android.speech.audio.AudioProvider
I/ActivityThread( 1122): Pub com.google.android.velvet.gallery.ImageProvider: com.google.android.velvet.gallery.ImageProvider
I/ActivityThread( 1122): Pub com.google.android.googlequicksearchbox.google: com.google.android.searchcommon.google.GoogleSuggestionProvider
D/dalvikvm( 1122): GC_CONCURRENT freed 149K, 12% free 2538K/2868K, paused 2ms+1ms, total 33ms
D/dalvikvm(  367): GC_EXPLICIT freed 122K, 19% free 5272K/6440K, paused 2ms+4ms, total 73ms
I/Velvet.PerformanceTracker( 1122): event:0
D/dalvikvm( 1023): GC_CONCURRENT freed 294K, 17% free 2388K/2864K, paused 5ms+12ms, total 53ms
D/dalvikvm( 1122): GC_CONCURRENT freed 296K, 16% free 2706K/3184K, paused 3ms+3ms, total 18ms
I/Search.LocationHelper( 1122): setLocationProviders: 2
I/Velvet.PerformanceTracker( 1122): event:1
I/ActivityManager(  367): Start proc com.google.android.talk for broadcast com.google.android.talk/.videochat.BootCompleteReceiver: pid=1151 uid=10061 gids={50061, 3003, 1015, 1006, 1028, 3002}
E/Trace   ( 1151): error opening trace file: No such file or directory (2)
D/dalvikvm(  608): GC_CONCURRENT freed 752K, 26% free 2754K/3684K, paused 3ms+9ms, total 29ms
D/Tethering(  367): MasterInitialState.processMessage what=3
I/ActivityThread( 1151): Pub com.google.android.talk.SuggestionProvider: com.google.android.talk.SuggestionsProvider
D/SystemClock(  367): Setting time of day to sec=1361213416
D/dalvikvm( 1151): GC_CONCURRENT freed 263K, 16% free 2518K/2964K, paused 1ms+1ms, total 37ms
D/vclib:CallStateClient( 1151): startListening
D/dalvikvm(  661): GC_CONCURRENT freed 433K, 19% free 2683K/3296K, paused 3ms+9ms, total 31ms
D/dalvikvm(  661): WAIT_FOR_CONCURRENT_GC blocked 20ms
I/talk    ( 1151): Refresh the supported camera state
I/ActivityManager(  367): Start proc com.midml.cam for broadcast com.midml.cam/.CAMBroadcastReceiver: pid=1170 uid=1000 gids={41000, 1015, 1028, 3002, 3001, 3003, 3007}
E/Trace   ( 1170): error opening trace file: No such file or directory (2)
I/talk    ( 1151): supported front camera false
D/CAM     ( 1170): received action 'android.intent.action.BOOT_COMPLETED'
I/Autostart( 1170): started
W/ApplicationContext( 1170): Calling a method in the system process without a qualified user: android.app.ContextImpl.startService:1383 android.content.ContextWrapper.startService:450 android.content.ContextWrapper.startService:450 
D/CAMMS   ( 1170): service has been started. starting usb observer
V/CAMMS-UAO( 1170): starting
V/CAMMS-UAO( 1170): observers registered
I/ActivityManager(  367): Start proc me.shkschneider.dropbearserver2 for broadcast me.shkschneider.dropbearserver2/.MainReceiver: pid=1186 uid=10065 gids={50065, 3003, 1028}
D/dalvikvm(   99): GC_EXPLICIT freed 38K, 9% free 2297K/2516K, paused 1ms+2ms, total 22ms
D/dalvikvm(   99): GC_EXPLICIT freed <1K, 9% free 2297K/2516K, paused 2ms+1ms, total 20ms
D/dalvikvm(   99): GC_EXPLICIT freed <1K, 9% free 2297K/2516K, paused 1ms+2ms, total 19ms
D/dalvikvm(  367): GC_EXPLICIT freed 312K, 17% free 5351K/6440K, paused 2ms+5ms, total 74ms
E/Trace   ( 1186): error opening trace file: No such file or directory (2)
D/dalvikvm(  661): GC_CONCURRENT freed 396K, 18% free 2705K/3296K, paused 1ms+1ms, total 23ms
I/DropBearServer2( 1186): [MainApplication onCreate()] DropBearServer II v1.5.4 (me.shkschneider.dropbearserver2) Android 4.2.1 (API-17)
D/DropBearServer2( 1186): [MainReceiver onReceive()] android.intent.action.BOOT_COMPLETED
D/DropBearServer2( 1186): [MainReceiver onReceive()] Handler: +10s
I/ActivityManager(  367): No longer want com.google.android.apps.uploader (pid 570): empty #17
I/ActivityManager(  367): Start proc com.cyanogenmod.lockclock for broadcast com.cyanogenmod.lockclock/.ClockWidgetProvider: pid=1206 uid=10028 gids={50028, 3003, 1028}
E/Trace   ( 1206): error opening trace file: No such file or directory (2)
D/dalvikvm(  508): GC_CONCURRENT freed 388K, 18% free 2606K/3176K, paused 6ms+2ms, total 27ms
D/BluetoothAdapter(  655): 1090671840: getState() :  mService = null. Returning STATE_OFF
D/BluetoothAdapter(  655): 1090671840: getState() :  mService = null. Returning STATE_OFF
I/ActivityManager(  367): Start proc com.android.calendar for broadcast com.android.calendar/.alerts.AlertReceiver: pid=1221 uid=10010 gids={50010, 3003, 1028}
I/ActivityManager(  367): No longer want com.google.android.inputmethod.latin.dictionarypack (pid 676): empty #17
E/Trace   ( 1221): error opening trace file: No such file or directory (2)
I/ActivityThread( 1221): Pub com.android.calendar.CalendarRecentSuggestionsProvider: com.android.calendar.CalendarRecentSuggestionsProvider
D/AlertReceiver( 1221): onReceive: a=android.intent.action.PROVIDER_CHANGED Intent { act=android.intent.action.PROVIDER_CHANGED dat=content://com.android.calendar flg=0x10 cmp=com.android.calendar/.alerts.AlertReceiver }
D/AlertService( 1221): 0 Action = android.intent.action.PROVIDER_CHANGED
D/AlertService( 1221): Beginning updateAlertNotification
D/dalvikvm(  993): GC_CONCURRENT freed 318K, 16% free 2781K/3280K, paused 3ms+2ms, total 30ms
I/UpdateCheckReceiver(  848): Got connectivity change, has connection: true
I/UpdateCheckReceiver(  848): Scheduling future, repeating update checks.
D/AlertService( 1221): No fired or scheduled alerts
W/ApplicationContext(  655): Calling a method in the system process without a qualified user: android.app.ContextImpl.startService:1383 android.content.ContextWrapper.startService:450 android.content.ContextWrapper.startService:450 
D/CMStats (  655): Prompting user for opt-in.
D/dalvikvm(  367): GC_CONCURRENT freed 550K, 15% free 5478K/6440K, paused 3ms+8ms, total 89ms
D/dalvikvm(  367): WAIT_FOR_CONCURRENT_GC blocked 30ms
I/ActivityManager(  367): Start proc com.google.android.apps.uploader for broadcast com.google.android.apps.uploader/com.google.android.picasasync.ConnectivityReceiver: pid=1251 uid=10056 gids={50056, 3003, 1015, 1028}
E/Trace   ( 1251): error opening trace file: No such file or directory (2)
I/ActivityThread( 1251): Pub com.google.android.apps.uploader.PicasaUploadProvider: com.google.android.picasasync.PicasaContentProvider1
D/dalvikvm(  367): GC_EXPLICIT freed 29K, 16% free 5462K/6440K, paused 2ms+5ms, total 102ms
D/dalvikvm( 1251): GC_CONCURRENT freed 392K, 20% free 2349K/2920K, paused 2ms+1ms, total 24ms
V/AlarmClock(  890): AlarmInitReceiver finished
W/Gmail   (  993): Showing notification with unreadCount of 114 and unseenCount of 14
D/PicasaUploader( 1251):    wifiOnlyPhoto changed to true
D/PicasaUploader( 1251):    wifiOnlyVideo changed to true
D/PicasaUploader( 1251):    syncOnBattery changed to true
D/PicasaUploaderSync( 1251): sync account database
D/dalvikvm( 1221): GC_CONCURRENT freed 253K, 16% free 2434K/2868K, paused 4ms+13ms, total 50ms
D/PicasaUploaderSync( 1251): accounts in DB=1
D/PicasaUploaderSyncManager( 1251): active network: NetworkInfo: type: WIFI[], state: CONNECTED/CONNECTED, reason: (unspecified), extra: "midml", roaming: false, failover: false, isAvailable: true
D/PicasaUploaderSyncManager( 1251): background data: true
D/dalvikvm(  993): GC_CONCURRENT freed 387K, 16% free 2920K/3452K, paused 6ms+2ms, total 48ms
D/PicasaUploaderSyncManager( 1251): battery info: false
I/ActivityManager(  367): No longer want com.android.providers.calendar (pid 875): empty #17
I/AudioService(  367):  AudioFocus  requestAudioFocus() from android.media.AudioManager@420a94d0
I/ActivityThread( 1221): Acquiring provider com.android.calendar for user 0: existing object's process dead
I/ActivityManager(  367): Start proc com.android.providers.calendar for content provider com.android.providers.calendar/.CalendarProvider2: pid=1278 uid=10011 gids={50011, 3003, 1015, 1028}
I/ActivityManager(  367): No longer want com.android.voicedialer (pid 962): empty #17
E/Trace   ( 1278): error opening trace file: No such file or directory (2)
I/ActivityThread( 1278): Pub com.android.calendar: com.android.providers.calendar.CalendarProvider2
W/ActivityThread( 1221): Content provider com.android.providers.calendar.CalendarProvider2 already published as com.android.calendar
D/dalvikvm(  367): GC_EXPLICIT freed 145K, 15% free 5514K/6440K, paused 2ms+5ms, total 59ms
D/dalvikvm( 1151): GC_CONCURRENT freed 352K, 18% free 2576K/3108K, paused 2ms+5ms, total 23ms
I/talk    ( 1151): onMcsConnectionStarted
D/dalvikvm(  508): GC_CONCURRENT freed 396K, 19% free 2600K/3180K, paused 3ms+14ms, total 47ms
I/GTalkService/c(  661): [AndroidEndpoint@1090399960] connect: acct=1000000, state=CONNECTING
D/dalvikvm(  661): GC_CONCURRENT freed 385K, 18% free 2705K/3296K, paused 4ms+4ms, total 30ms
D/dalvikvm(  367): GC_EXPLICIT freed 146K, 15% free 5514K/6440K, paused 2ms+9ms, total 69ms
D/dalvikvm(  508): GC_CONCURRENT freed 384K, 18% free 2613K/3180K, paused 1ms+4ms, total 25ms
I/GTalkService/c(  661): [GTalkConnection@1091040152] connect: acct=1, state=CONNECTING
D/dalvikvm(  367): GC_EXPLICIT freed 145K, 15% free 5528K/6440K, paused 3ms+5ms, total 71ms
I/CalendarProvider2( 1278): Sending notification intent: Intent { act=android.intent.action.PROVIDER_CHANGED dat=content://com.android.calendar }
W/ContentResolver( 1278): Failed to get type for: content://com.android.calendar (Unknown URL content://com.android.calendar)
D/AlertReceiver( 1221): onReceive: a=android.intent.action.PROVIDER_CHANGED Intent { act=android.intent.action.PROVIDER_CHANGED dat=content://com.android.calendar flg=0x10 cmp=com.android.calendar/.alerts.AlertReceiver }
D/AlertService( 1221): 0 Action = android.intent.action.PROVIDER_CHANGED
D/AlertService( 1221): Beginning updateAlertNotification
I/ActivityThread( 1221): Acquiring provider com.android.calendar for user 0: existing object's process dead
I/ActivityThread( 1221): Acquiring provider com.android.calendar for user 0: existing object's process dead
I/ActivityThread( 1221): Acquiring provider com.android.calendar for user 0: existing object's process dead
D/AlertService( 1221): No fired or scheduled alerts
I/ActivityThread( 1221): Acquiring provider com.android.calendar for user 0: existing object's process dead
I/ActivityManager(  367): No longer want com.google.android.onetimeinitializer (pid 1068): empty #17
D/dalvikvm(  508): GC_CONCURRENT freed 397K, 19% free 2617K/3196K, paused 2ms+4ms, total 24ms
I/AudioService(  367):  AudioFocus  abandonAudioFocus() from android.media.AudioManager@420a94d0
D/dalvikvm(  367): GC_EXPLICIT freed 113K, 15% free 5529K/6440K, paused 3ms+5ms, total 68ms
D/ConnectivityService(  367): handleInetConditionHoldEnd: net=1, condition=100, published condition=0
D/dalvikvm(  508): GC_CONCURRENT freed 401K, 19% free 2617K/3200K, paused 3ms+3ms, total 26ms
D/dalvikvm(  643): GC_CONCURRENT freed 242K, 14% free 2638K/3056K, paused 3ms+2ms, total 25ms
D/dalvikvm(  367): GC_EXPLICIT freed 365K, 16% free 5420K/6440K, paused 2ms+5ms, total 58ms
D/dalvikvm(  508): GC_CONCURRENT freed 398K, 19% free 2617K/3200K, paused 1ms+3ms, total 25ms
D/dalvikvm(  367): GC_EXPLICIT freed 110K, 16% free 5420K/6440K, paused 2ms+5ms, total 54ms
D/dalvikvm(  661): GC_CONCURRENT freed 301K, 16% free 2800K/3308K, paused 3ms+3ms, total 27ms
D/dalvikvm(  367): GC_EXPLICIT freed 92K, 16% free 5418K/6440K, paused 2ms+5ms, total 57ms
D/dalvikvm(  508): GC_CONCURRENT freed 398K, 19% free 2620K/3200K, paused 3ms+3ms, total 19ms
V/MediaScanner(  508): pruneDeadThumbnailFiles... android.database.sqlite.SQLiteCursor@4108d4e0
V/MediaScanner(  508): /pruneDeadThumbnailFiles... android.database.sqlite.SQLiteCursor@4108d4e0
D/dalvikvm(  367): GC_EXPLICIT freed 91K, 16% free 5418K/6440K, paused 3ms+5ms, total 66ms
D/dalvikvm(  508): GC_CONCURRENT freed 414K, 19% free 2601K/3200K, paused 2ms+5ms, total 25ms
D/dalvikvm(  367): GC_EXPLICIT freed 100K, 16% free 5418K/6440K, paused 3ms+5ms, total 55ms
D/dalvikvm(  508): GC_CONCURRENT freed 386K, 19% free 2617K/3200K, paused 1ms+2ms, total 19ms
D/dalvikvm(  508): GC_CONCURRENT freed 492K, 21% free 2544K/3220K, paused 2ms+2ms, total 17ms
W/MediaScanner(  508): Error opening directory '/storage/sdcard0/.android_secure/', skipping: Permission denied.
D/dalvikvm(  367): GC_EXPLICIT freed 106K, 16% free 5417K/6440K, paused 2ms+6ms, total 65ms
D/dalvikvm(  508): GC_CONCURRENT freed 311K, 19% free 2630K/3220K, paused 1ms+3ms, total 18ms
D/dalvikvm(  367): GC_EXPLICIT freed 85K, 16% free 5417K/6440K, paused 3ms+5ms, total 55ms
D/dalvikvm( 1251): GC_CONCURRENT freed 331K, 19% free 2405K/2960K, paused 5ms+2ms, total 19ms
D/dalvikvm(  367): GC_EXPLICIT freed 85K, 16% free 5417K/6440K, paused 2ms+6ms, total 57ms
D/dalvikvm(  508): GC_CONCURRENT freed 400K, 19% free 2632K/3220K, paused 2ms+4ms, total 23ms
D/dalvikvm(  367): GC_EXPLICIT freed 87K, 12% free 5415K/6144K, paused 2ms+5ms, total 57ms
D/dalvikvm(  508): GC_CONCURRENT freed 404K, 19% free 2627K/3220K, paused 2ms+3ms, total 22ms
D/dalvikvm(  367): GC_EXPLICIT freed 85K, 12% free 5415K/6144K, paused 2ms+5ms, total 54ms
D/dalvikvm(  508): GC_CONCURRENT freed 397K, 19% free 2618K/3220K, paused 4ms+5ms, total 28ms
D/dalvikvm(  367): GC_EXPLICIT freed 85K, 12% free 5415K/6144K, paused 2ms+6ms, total 56ms
D/dalvikvm(  508): GC_CONCURRENT freed 387K, 19% free 2630K/3220K, paused 1ms+3ms, total 18ms
D/dalvikvm(  367): GC_EXPLICIT freed 85K, 12% free 5415K/6144K, paused 3ms+4ms, total 56ms
D/dalvikvm(  508): GC_CONCURRENT freed 399K, 19% free 2632K/3220K, paused 2ms+5ms, total 37ms
D/dalvikvm(  367): GC_EXPLICIT freed 87K, 12% free 5415K/6144K, paused 2ms+6ms, total 67ms
D/dalvikvm(  508): GC_CONCURRENT freed 394K, 19% free 2629K/3220K, paused 3ms+3ms, total 25ms
D/dalvikvm(  367): GC_EXPLICIT freed 97K, 12% free 5416K/6144K, paused 3ms+4ms, total 54ms
D/dalvikvm(  508): GC_CONCURRENT freed 399K, 19% free 2633K/3220K, paused 3ms+5ms, total 29ms
D/dalvikvm(  367): GC_EXPLICIT freed 87K, 12% free 5415K/6144K, paused 2ms+5ms, total 56ms
D/dalvikvm(  508): GC_CONCURRENT freed 397K, 19% free 2631K/3220K, paused 1ms+2ms, total 17ms
D/dalvikvm(  367): GC_EXPLICIT freed 84K, 12% free 5416K/6144K, paused 2ms+4ms, total 52ms
V/MediaScanner(  508): pruneDeadThumbnailFiles... android.database.sqlite.SQLiteCursor@4106e388
V/MediaScanner(  508): /pruneDeadThumbnailFiles... android.database.sqlite.SQLiteCursor@4106e388
I/ActivityManager(  367): No longer want com.google.android.apps.genie.geniewidget (pid 975): empty #17
D/DropBearServer2( 1186): [MainReceiver run()] Starter
D/DropBearServer2( 1186): [Starter doInBackground()] Command: /data/data/me.shkschneider.dropbearserver2/app_data/dropbear -A -N root -C 42 -r /data/data/me.shkschneider.dropbearserver2/app_data/host_rsa -d /data/data/me.shkschneider.dropbearserver2/app_data/host_dss -R /data/data/me.shkschneider.dropbearserver2/app_data/authorized_keys -U 0 -G 0 -p 22 -P /data/data/me.shkschneider.dropbearserver2/app_data/pid -b /data/data/me.shkschneider.dropbearserver2/app_data/banner
D/su      ( 1312): Found file /data/data/com.noshufou.android.su/files/stored/10065-0
D/su      ( 1312): Comparing 'any' to '/system/bin/sh'
D/su      ( 1314): Executing exec /system/bin/am broadcast --user 0 -a com.noshufou.android.su.RESULT --es socket '' --ei caller_uid 10065 --ei allow 1 --es desired_cmd '/system/bin/sh' --ei all 1 --ei version_code 19
D/AndroidRuntime( 1314): 
D/AndroidRuntime( 1314): >>>>>> AndroidRuntime START com.android.internal.os.RuntimeInit <<<<<<
D/AndroidRuntime( 1314): CheckJNI is OFF
D/dalvikvm( 1314): Trying to load lib libjavacore.so 0x0
D/dalvikvm( 1314): Added shared lib libjavacore.so 0x0
D/dalvikvm( 1314): Trying to load lib libnativehelper.so 0x0
D/dalvikvm( 1314): Added shared lib libnativehelper.so 0x0
D/AndroidRuntime( 1314): Calling main entry com.android.commands.am.Am
D/dalvikvm( 1314): Note: class Landroid/app/ActivityManagerNative; has 156 unimplemented (abstract) methods
I/ActivityManager(  367): Start proc com.noshufou.android.su for broadcast com.noshufou.android.su/.SuResultReceiver: pid=1324 uid=10039 gids={50039, 3003, 1015, 1028}
I/dalvikvm( 1324): Turning on JNI app bug workarounds for target SDK version 11...
E/Trace   ( 1324): error opening trace file: No such file or directory (2)
I/ActivityThread( 1324): Pub com.noshufou.android.su.provider: com.noshufou.android.su.provider.PermissionsProvider
D/AndroidRuntime( 1314): Shutting down VM
D/dalvikvm( 1314): GC_CONCURRENT freed 98K, 17% free 509K/612K, paused 0ms+1ms, total 4ms
D/dalvikvm( 1324): GC_CONCURRENT freed 199K, 14% free 2506K/2884K, paused 2ms+3ms, total 19ms
D/su      ( 1312): 10065 me.shkschneider.dropbearserver2 executing 0 /system/bin/sh using shell /system/bin/sh : sh
D/DropBearServer2( 1186): [MainReceiver onTaskComplete()] Result: true
I/ActivityManager(  367): No longer want com.android.exchange (pid 926): empty #17
D/dalvikvm(  367): GC_EXPLICIT freed 224K, 12% free 5454K/6144K, paused 7ms+7ms, total 130ms
D/dalvikvm( 1086): GC_CONCURRENT freed 300K, 15% free 2871K/3352K, paused 3ms+2ms, total 19ms
D/dalvikvm( 1086): GC_CONCURRENT freed 310K, 15% free 2996K/3488K, paused 1ms+12ms, total 46ms
D/dalvikvm( 1086): GC_CONCURRENT freed 225K, 12% free 3280K/3688K, paused 2ms+3ms, total 27ms
D/dalvikvm( 1086): WAIT_FOR_CONCURRENT_GC blocked 10ms
D/dalvikvm( 1086): GC_FOR_ALLOC freed 225K, 14% free 3412K/3928K, paused 18ms, total 19ms
D/dalvikvm( 1086): GC_FOR_ALLOC freed 184K, 15% free 3450K/4040K, paused 16ms, total 16ms
D/dalvikvm( 1086): GC_FOR_ALLOC freed 62K, 14% free 3514K/4040K, paused 16ms, total 16ms
D/dalvikvm( 1086): GC_FOR_ALLOC freed 180K, 15% free 3551K/4136K, paused 16ms, total 17ms
D/dalvikvm( 1086): GC_CONCURRENT freed 247K, 11% free 3804K/4240K, paused 1ms+3ms, total 29ms
D/dalvikvm( 1086): GC_CONCURRENT freed 93K, 7% free 4135K/4408K, paused 2ms+3ms, total 30ms
D/dalvikvm( 1086): GC_CONCURRENT freed 329K, 11% free 4352K/4864K, paused 2ms+3ms, total 32ms
D/dalvikvm( 1086): GC_CONCURRENT freed 134K, 7% free 4830K/5144K, paused 3ms+2ms, total 34ms
W/Finsky  ( 1086): [1] 1.onResponse: No document details for app: pkg=com.google.android.gm
D/dalvikvm( 1086): GC_CONCURRENT freed 909K, 20% free 4695K/5800K, paused 3ms+2ms, total 38ms






