brighton:~ bob$ 
brighton:~ bob$ 
brighton:~ bob$ 
brighton:~ bob$ 
brighton:~ bob$ 
brighton:~ bob$ 
brighton:~ bob$ 
brighton:~ bob$ 
brighton:~ bob$ 
brighton:~ bob$ 
brighton:~ bob$ 
brighton:~ bob$ 
brighton:~ bob$ 
brighton:~ bob$ 
brighton:~ bob$ 
brighton:~ bob$ 
brighton:~ bob$ 
brighton:~ bob$ 
brighton:~ bob$ 
brighton:~ bob$ 
brighton:~ bob$ 
brighton:~ bob$ 
brighton:~ bob$ 
brighton:~ bob$ 
brighton:~ bob$ 
brighton:~ bob$ 
brighton:~ bob$ 
brighton:~ bob$ 
brighton:~ bob$ 
brighton:~ bob$ 
brighton:~ bob$ 
brighton:~ bob$ 
brighton:~ bob$ 
brighton:~ bob$ 
brighton:~ bob$ 
brighton:~ bob$ 
brighton:~ bob$ 
brighton:~ bob$ 
brighton:~ bob$ 
brighton:~ bob$ adb logcat
* daemon not running. starting it now on port 5037 *
* daemon started successfully *
- waiting for device -
--------- beginning of /dev/log/main
I/installd(  102): installd firing up
--------- beginning of /dev/log/system
I/Vold    (   92): Vold 2.1 (the revenge) firing up
I/DEBUG   (   97): debuggerd: Jan 17 2013 09:20:38
I/cm      (  121): ____ _   _ ____ _  _ ____ ____ ____ _  _ _  _ ____ ___ 
D/Vold    (   92): Volume sdcard state changing -1 (Initializing) -> 0 (No-Media)
I/cm      (  123): |     \_/  |__| |\ | |  | | __ |___ |\ | |\/| |  | |  \ 
I/Netd    (   96): Netd 1.0 starting
W/InterfaceController(   96): Warning (Cannot load library: load_library(linker.cpp:747): library "/system/lib/libnetcmdiface.so" not found) while opening the net interface command library
I/cm      (  126): |___   |   |  | | \| |__| |__] |___ | \| |  | |__| |__/ 
D/Vold    (   92): Volume sdcard state changing 0 (No-Media) -> 2 (Pending)
D/DirectVolume(   92): DirectVolume::handlePartitionAdded -> MAJOR 179, MINOR 1, PARTN 1
D/DirectVolume(   92): DirectVolume::handlePartitionAdded -> MAJOR 179, MINOR 2, PARTN 2
D/DirectVolume(   92): DirectVolume::handlePartitionAdded -> MAJOR 179, MINOR 3, PARTN 3
D/DirectVolume(   92): DirectVolume::handlePartitionAdded -> MAJOR 179, MINOR 4, PARTN 4
D/DirectVolume(   92): DirectVolume::handlePartitionAdded -> MAJOR 179, MINOR 5, PARTN 5
D/DirectVolume(   92): DirectVolume::handlePartitionAdded -> MAJOR 179, MINOR 6, PARTN 6
D/DirectVolume(   92): DirectVolume::handlePartitionAdded -> MAJOR 179, MINOR 7, PARTN 7
D/Vold    (   92): Volume sdcard state changing 2 (Pending) -> 1 (Idle-Unmounted)
D/DirectVolume(   92): DirectVolume::handlePartitionAdded -> MAJOR 179, MINOR 8, PARTN 8
W/Vold    (   92): Duplicate state (1)
D/DirectVolume(   92): DirectVolume::handlePartitionAdded -> MAJOR 179, MINOR 9, PARTN 9
W/Vold    (   92): Duplicate state (1)
D/DirectVolume(   92): DirectVolume::handlePartitionAdded -> MAJOR 179, MINOR 10, PARTN 10
W/Vold    (   92): Duplicate state (1)
D/DirectVolume(   92): DirectVolume::handlePartitionAdded -> MAJOR 179, MINOR 11, PARTN 11
W/Vold    (   92): Duplicate state (1)
D/DirectVolume(   92): DirectVolume::handlePartitionAdded -> MAJOR 179, MINOR 12, PARTN 12
W/Vold    (   92): Duplicate state (1)
W/Vold    (   92): Duplicate state (1)
W/Vold    (   92): Duplicate state (1)
W/Vold    (   92): Duplicate state (1)
W/Vold    (   92): Duplicate state (1)
I/cm      (  136): Welcome to Android 4.2.1 / CyanogenMod-10.1-20130117-UNOFFICIAL-otter 
V/IMGSRV  (   94): pvrsrvinit complete
I/SurfaceFlinger(   98): SurfaceFlinger is starting
I/SurfaceFlinger(   98): SurfaceFlinger's main thread ready to run. Initializing graphics H/W...
D/libEGL  (   98): loaded /vendor/lib/egl/libEGL_POWERVR_SGX540_120.so
D/libEGL  (   98): loaded /vendor/lib/egl/libGLESv1_CM_POWERVR_SGX540_120.so
D/libEGL  (   98): loaded /vendor/lib/egl/libGLESv2_POWERVR_SGX540_120.so
I/ti_hwc  (   98): Expecting h/w vsync for otter
I/ti_hwc  (   98): transforming FB (1024x600) => (1024x600) rot0
I/ti_hwc  (   98): clone region is set to (0,0) to (1024,600)
I/ti_hwc  (   98): external display changed (state=0, mirror={disabled tform=0deg}, dock={disabled tform=0deg}, tv=0
I/ti_hwc  (   98): open_device(rgb_order=1 nv12_only=0)
I/ti_hwc  (   98): Unable to open gc-core device (1), blits disabled
I/SurfaceFlinger(   98): Using composer version 1.0
W/SurfaceFlinger(   98): getting VSYNC period from fb HAL: 18553220
W/SurfaceFlinger(   98): no suitable EGLConfig found, trying without EGL_FRAMEBUFFER_TARGET_ANDROID
I/mediaserver(  101): ServiceManager: 0x40a7be30
I/AudioFlinger(  101): Using default 3000 mSec as standby time.
I/CameraService(  101): CameraService started (pid=101)
E/CameraService(  101): Could not load camera HAL module
I/AudioPolicyManagerBase(  101): loadAudioPolicyConfig() loaded /system/etc/audio_policy.conf
E/Trace   (   98): error opening trace file: No such file or directory (2)
I/audio_hw_primary(  101): boardtype used: otter(3)
I/AudioFlinger(  101): loadHwModule() Loaded primary audio interface from OMAP audio HW HAL (audio) handle 1
I/AudioFlinger(  101): HAL output buffer size 1776 frames, normal mix buffer size 1776 frames
I/SurfaceFlinger(   98): EGL informations:
I/SurfaceFlinger(   98): vendor    : Android
I/SurfaceFlinger(   98): version   : 1.4 Android META-EGL
I/SurfaceFlinger(   98): extensions: EGL_KHR_image EGL_KHR_image_base EGL_KHR_gl_texture_2D_image EGL_KHR_gl_texture_cubemap_image EGL_KHR_gl_renderbuffer_image EGL_KHR_fence_sync EGL_ANDROID_image_native_buffer 
I/SurfaceFlinger(   98): Client API: OpenGL_ES
I/SurfaceFlinger(   98): EGLSurface: 8-8-8-8, config=0x2
I/SurfaceFlinger(   98): OpenGL ES informations:
I/SurfaceFlinger(   98): vendor    : Imagination Technologies
I/SurfaceFlinger(   98): renderer  : PowerVR SGX 540
I/SurfaceFlinger(   98): version   : OpenGL ES-CM 1.1
I/SurfaceFlinger(   98): extensions: GL_EXT_debug_marker GL_OES_byte_coordinates GL_OES_fixed_point GL_OES_single_precision GL_OES_matrix_get GL_OES_read_format GL_OES_compressed_paletted_texture GL_OES_point_sprite GL_OES_point_size_array GL_OES_matrix_palette GL_OES_draw_texture GL_OES_query_matrix GL_OES_texture_env_crossbar GL_OES_texture_mirrored_repeat GL_OES_texture_cube_map GL_OES_blend_subtract GL_OES_blend_func_separate GL_OES_blend_equation_separate GL_OES_stencil_wrap GL_OES_extended_matrix_palette GL_OES_framebuffer_object GL_OES_rgb8_rgba8 GL_OES_depth24 GL_OES_stencil8 GL_OES_compressed_ETC1_RGB8_texture GL_OES_mapbuffer GL_OES_EGL_image GL_OES_EGL_image_external GL_EXT_multi_draw_arrays GL_OES_required_internalformat GL_IMG_read_format GL_IMG_texture_compression_pvrtc GL_IMG_texture_format_BGRA8888 GL_EXT_texture_format_BGRA8888 GL_OES_egl_sync GL_IMG_vertex_array_object GL_APPLE_texture_2D_limited_npot
I/SurfaceFlinger(   98): GL_MAX_TEXTURE_SIZE = 2048
I/SurfaceFlinger(   98): GL_MAX_VIEWPORT_DIMS = 2048 x 2048
I/AudioMixer(  101): found effect "Multichannel Downmix To Stereo" from The Android Open Source Project
I/AudioFlinger(  101): Using module 1 has the primary audio interface
I/AudioFlinger(  101): AudioFlinger's thread 0x409db008 ready to run
W/AudioFlinger(  101): Thread AudioOut_2 cannot connect to the power manager service
D/SurfaceFlinger(   98): Screen acquired, type=0 flinger=0x4051c3a8
I/AudioPolicyService(  101): Loaded audio policy from LEGACY Audio Policy HAL (audio_policy)
D/AndroidRuntime(   99): 
D/AndroidRuntime(   99): >>>>>> AndroidRuntime START com.android.internal.os.ZygoteInit <<<<<<
D/AndroidRuntime(   99): CheckJNI is OFF
D/libEGL  (  253): loaded /vendor/lib/egl/libEGL_POWERVR_SGX540_120.so
D/libEGL  (  253): loaded /vendor/lib/egl/libGLESv1_CM_POWERVR_SGX540_120.so
D/libEGL  (  253): loaded /vendor/lib/egl/libGLESv2_POWERVR_SGX540_120.so
E/Trace   (  253): error opening trace file: No such file or directory (2)
D/dalvikvm(   99): Trying to load lib libjavacore.so 0x0
D/dalvikvm(   99): Added shared lib libjavacore.so 0x0
D/dalvikvm(   99): Trying to load lib libnativehelper.so 0x0
D/dalvikvm(   99): Added shared lib libnativehelper.so 0x0
E/Netd    (   96): Unable to create netlink socket: Protocol not supported
E/Netd    (   96): Unable to open quota2 logging socket
D/MDnsDS  (   96): MDnsSdListener::Hander starting up
D/MDnsDS  (   96): MDnsSdListener starting to monitor
D/MDnsDS  (   96): Going to poll with pollCount 1
I/SamplingProfilerIntegration(   99): Profiling disabled.
I/Zygote  (   99): Preloading classes...
D/dalvikvm(   99): GC_EXPLICIT freed 36K, 9% free 427K/468K, paused 0ms+0ms, total 4ms
D/dalvikvm(   99): GC_EXPLICIT freed 3K, 5% free 495K/520K, paused 1ms+0ms, total 4ms
D/dalvikvm(   99): Note: class Landroid/app/ActivityManagerNative; has 156 unimplemented (abstract) methods
D/dalvikvm(   99): GC_EXPLICIT freed 21K, 5% free 534K/560K, paused 0ms+1ms, total 4ms
D/dalvikvm(   99): GC_EXPLICIT freed 26K, 6% free 562K/592K, paused 0ms+0ms, total 4ms
W/Zygote  (   99): Class not found for preloading: android.bluetooth.BluetoothAudioGateway
W/Zygote  (   99): Class not found for preloading: android.bluetooth.HeadsetBase
W/Zygote  (   99): Class not found for preloading: undroid.content.AbstractThreadedSyncAdapter$SyncThread
D/dalvikvm(   99): GC_EXPLICIT freed 24K, 5% free 612K/640K, paused 0ms+0ms, total 5ms
D/dalvikvm(   99): GC_EXPLICIT freed 25K, 5% free 640K/668K, paused 1ms+0ms, total 5ms
D/dalvikvm(   99): GC_EXPLICIT freed 60K, 9% free 731K/796K, paused 0ms+0ms, total 6ms
D/dalvikvm(   99): GC_EXPLICIT freed 31K, 5% free 757K/796K, paused 1ms+0ms, total 7ms
D/TextLayoutCache(   99): Using debug level = 0 - Debug Enabled = 0
I/dalvikvm(   99): threadid=1: recursive native library load attempt (/system/lib/libmedia_jni.so)
D/MtpDeviceJNI(   99): register_android_mtp_MtpDevice
I/dalvikvm(   99): threadid=1: recursive native library load attempt (/system/lib/libmedia_jni.so)
I/dalvikvm(   99): threadid=1: recursive native library load attempt (/system/lib/libmedia_jni.so)
D/dalvikvm(   99): GC_EXPLICIT freed 23K, 4% free 798K/824K, paused 0ms+1ms, total 6ms
D/dalvikvm(   99): GC_EXPLICIT freed 15K, 3% free 841K/860K, paused 0ms+1ms, total 6ms
D/dalvikvm(   99): GC_FOR_ALLOC freed 222K, 17% free 1132K/1356K, paused 13ms, total 13ms
D/dalvikvm(   99): GC_EXPLICIT freed 253K, 17% free 1277K/1536K, paused 1ms+1ms, total 13ms
D/dalvikvm(   99): GC_EXPLICIT freed 29K, 16% free 1302K/1536K, paused 1ms+1ms, total 12ms
D/dalvikvm(   99): GC_EXPLICIT freed 12K, 11% free 1374K/1536K, paused 1ms+2ms, total 13ms
W/Zygote  (   99): Class not found for preloading: android.server.BluetoothA2dpService
W/Zygote  (   99): Class not found for preloading: android.server.BluetoothEventLoop
W/Zygote  (   99): Class not found for preloading: android.server.BluetoothService
D/TelephonyManager(   99): No /proc/cmdline exception=java.io.FileNotFoundException: /proc/cmdline: open failed: EACCES (Permission denied)
D/TelephonyManager(   99): /proc/cmdline=
D/dalvikvm(   99): GC_EXPLICIT freed 29K, 9% free 1436K/1568K, paused 1ms+2ms, total 16ms
D/dalvikvm(   99): GC_EXPLICIT freed 47K, 3% free 1717K/1768K, paused 2ms+2ms, total 21ms
W/Zygote  (   99): Class not found for preloading: android.util.LocaleUtil
D/dalvikvm(   99): GC_EXPLICIT freed 35K, 3% free 1752K/1796K, paused 2ms+2ms, total 21ms
D/dalvikvm(   99): GC_EXPLICIT freed 31K, 3% free 1775K/1812K, paused 1ms+2ms, total 16ms
W/Zygote  (   99): Class not found for preloading: android.view.ViewRootImpl$ResizedInfo
W/Zygote  (   99): Class not found for preloading: android.view.Window$LocalWindowManager
W/Zygote  (   99): Class not found for preloading: android.view.WindowManagerImpl$CompatModeWrapper
D/dalvikvm(   99): GC_EXPLICIT freed 30K, 2% free 1798K/1832K, paused 2ms+1ms, total 18ms
I/dalvikvm(   99): threadid=1: recursive native library load attempt (/system/lib/libwebcore.so)
D/dalvikvm(   99): No JNI_OnLoad found in /system/lib/libchromium_net.so 0x0, skipping init
D/dalvikvm(   99): GC_EXPLICIT freed 21K, 2% free 1831K/1856K, paused 2ms+1ms, total 22ms
D/dalvikvm(   99): GC_EXPLICIT freed 26K, 2% free 1859K/1888K, paused 2ms+1ms, total 21ms
D/dalvikvm(   99): GC_EXPLICIT freed 29K, 2% free 1889K/1924K, paused 1ms+2ms, total 17ms
D/dalvikvm(   99): WAIT_FOR_CONCURRENT_GC blocked 1ms
D/dalvikvm(   99): GC_EXPLICIT freed 26K, 2% free 1917K/1948K, paused 1ms+2ms, total 17ms
D/dalvikvm(   99): GC_EXPLICIT freed 31K, 2% free 1940K/1976K, paused 2ms+1ms, total 19ms
D/dalvikvm(   99): GC_EXPLICIT freed 28K, 2% free 1966K/1996K, paused 1ms+1ms, total 20ms
D/dalvikvm(   99): GC_EXPLICIT freed 29K, 2% free 1993K/2024K, paused 2ms+2ms, total 18ms
D/dalvikvm(   99): GC_EXPLICIT freed 39K, 3% free 2010K/2052K, paused 2ms+2ms, total 22ms
W/Zygote  (   99): Class not found for preloading: java.text.DecimalFormat$1
D/dalvikvm(   99): GC_EXPLICIT freed 41K, 3% free 2023K/2068K, paused 1ms+2ms, total 18ms
W/Zygote  (   99): Class not found for preloading: java.util.concurrent.FutureTask$Sync
W/Zygote  (   99): Class not found for preloading: java.util.concurrent.atomic.UnsafeAccess
W/Zygote  (   99): Class not found for preloading: java.util.concurrent.locks.UnsafeAccess
D/dalvikvm(   99): GC_EXPLICIT freed 41K, 3% free 2037K/2080K, paused 2ms+2ms, total 19ms
W/Zygote  (   99): Class not found for preloading: libcore.icu.ErrorCode
I/System  (   99): Loaded time zone names for  in 227ms (223ms in ICU)
I/System  (   99): Loaded time zone names for en_US in 141ms (137ms in ICU)
D/dalvikvm(   99): GC_EXPLICIT freed 329K, 14% free 2121K/2456K, paused 1ms+2ms, total 27ms
D/dalvikvm(   99): GC_EXPLICIT freed 15K, 12% free 2182K/2460K, paused 2ms+1ms, total 22ms
D/dalvikvm(   99): GC_EXPLICIT freed 52K, 10% free 2214K/2460K, paused 2ms+2ms, total 24ms
D/dalvikvm(   99): GC_EXPLICIT freed 29K, 10% free 2241K/2464K, paused 2ms+2ms, total 26ms
D/dalvikvm(   99): GC_EXPLICIT freed 38K, 9% free 2257K/2464K, paused 2ms+1ms, total 23ms
D/dalvikvm(   99): GC_EXPLICIT freed 32K, 8% free 2280K/2464K, paused 2ms+2ms, total 27ms
I/Zygote  (   99): ...preloaded 2541 classes in 2447ms.
D/dalvikvm(   99): GC_EXPLICIT freed 23K, 8% free 2285K/2464K, paused 1ms+2ms, total 22ms
I/Zygote  (   99): Preload resources disabled, skipped.
D/dalvikvm(   99): GC_EXPLICIT freed <1K, 8% free 2285K/2464K, paused 1ms+2ms, total 27ms
D/dalvikvm(   99): GC_EXPLICIT freed <1K, 8% free 2285K/2464K, paused 2ms+2ms, total 25ms
D/dalvikvm(   99): GC_EXPLICIT freed <1K, 8% free 2285K/2464K, paused 1ms+2ms, total 23ms
I/dalvikvm(   99): System server process 367 has been created
I/Zygote  (   99): Accepting command socket connections
E/BatteryService(  367): wirelessOnlinePath not found
I/sysproc (  367): Entered system_init()
I/sysproc (  367): ServiceManager: 0x4eeea540
D/SensorService(  367): nuSensorService starting...
E/Sensors (  367): couldn't find 'detect' input device
I/SensorService(  367): BMA250 3-axis Accelerometer
I/sysproc (  367): System server: starting Android runtime.
I/sysproc (  367): System server: starting Android services.
D/SensorService(  367): nuSensorService thread starting...
I/sysproc (  367): System server: entering thread pool.
I/SystemServer(  367): Entered the Android system server!
I/SystemServer(  367): Enabled StrictMode logging for UI Looper
I/SystemServer(  367): Waiting for installd to be ready.
I/SystemServer(  367): Enabled StrictMode logging for WM Looper
I/installd(  102): new connection
I/Installer(  367): connecting...
I/SystemServer(  367): Entropy Mixer
I/SystemServer(  367): Power Manager
I/TI OMAP PowerHAL(  367): Initialized successfully
I/SystemServer(  367): Activity Manager
I/ActivityManager(  367): Memory class: 42
I/ActivityManager(  367): Enabled StrictMode logging for AThread's Looper
I/SystemServer(  367): Display Manager
I/DisplayManagerService(  367): Display device added: DisplayDeviceInfo{"Built-in Screen": 600 x 1024, 53.899 fps, density 160, 165.65218 x 164.61772 dpi, touch INTERNAL, FLAG_DEFAULT_DISPLAY, FLAG_ROTATES_WITH_CONTENT, FLAG_SECURE, FLAG_SUPPORTS_PROTECTED_BUFFERS, rotation 0, type BUILT_IN, address null}
I/SystemServer(  367): Telephony Registry
I/SystemServer(  367): Scheduling Policy
I/SystemServer(  367): Package Manager
D/dalvikvm(  367): GC_CONCURRENT freed 226K, 13% free 2542K/2916K, paused 3ms+12ms, total 50ms
D/dalvikvm(  367): GC_CONCURRENT freed 434K, 23% free 2502K/3216K, paused 2ms+2ms, total 18ms
D/dalvikvm(  367): WAIT_FOR_CONCURRENT_GC blocked 8ms
D/dalvikvm(  367): GC_CONCURRENT freed 383K, 21% free 2561K/3216K, paused 3ms+3ms, total 37ms
D/dalvikvm(  367): GC_CONCURRENT freed 247K, 14% free 2825K/3248K, paused 3ms+3ms, total 64ms
W/PackageParser(  367): No actions in intent filter at /system/app/Bluetooth.apk Binary XML file line #206
W/PackageParser(  367): No actions in intent filter at /system/app/Bluetooth.apk Binary XML file line #233
W/PackageParser(  367): No actions in intent filter at /system/app/CMFileManager.apk Binary XML file line #127
W/PackageParser(  367): No actions in intent filter at /system/app/Contacts.apk Binary XML file line #546
D/dalvikvm(  367): GC_CONCURRENT freed 184K, 11% free 3068K/3428K, paused 3ms+3ms, total 34ms
W/PackageParser(  367): Unknown element under <application>: permission at /system/app/Gallery2.apk Binary XML file line #220
W/PackageParser(  367): Unknown element under <application>: permission at /system/app/Gallery2.apk Binary XML file line #223
W/ResourceType(  367): Failure getting entry for 0x7f040018 (t=3 e=24) in package 0 (error -75)
W/ResourceType(  367): Failure getting entry for 0x7f040018 (t=3 e=24) in package 0 (error -75)
D/dalvikvm(  367): GC_CONCURRENT freed 223K, 11% free 3257K/3656K, paused 2ms+4ms, total 37ms
D/dalvikvm(  367): GC_CONCURRENT freed 237K, 11% free 3446K/3860K, paused 3ms+5ms, total 40ms
I/PackageManager(  367): Package com.google.android.gms at /system/app/GmsCore.apk ignored: updated version 2012110 better than this 1015
D/dalvikvm(  367): GC_CONCURRENT freed 257K, 11% free 3611K/4048K, paused 1ms+4ms, total 33ms
D/dalvikvm(  367): GC_CONCURRENT freed 224K, 10% free 3817K/4224K, paused 4ms+4ms, total 46ms
D/PackageManager(  367): No files in app dir /vendor/app
I/PackageManager(  367): Linking native library dir for /data/app/me.shkschneider.dropbearserver2-1.apk
I/PackageManager(  367): Linking native library dir for /data/app/com.google.android.gms-1.apk
I/PackageManager(  367): Time to scan packages: 2.168 seconds
W/PackageManager(  367): Unknown permission android.permission.ADD_SYSTEM_SERVICE in package com.android.phone
W/PackageManager(  367): Unknown permission com.android.vending.billing.IBillingAccountService.BIND2 in package com.google.android.gsf.login
W/PackageManager(  367): Unknown permission com.android.chrome.TOS_ACKED in package com.google.android.gsf.login
W/PackageManager(  367): Unknown permission com.google.android.gallery3d.permission.GALLERY_PROVIDER in package com.android.bluetooth
W/PackageManager(  367): Not granting permission android.permission.SEND_DOWNLOAD_COMPLETED_INTENTS to package com.android.browser (protectionLevel=2 flags=0x9be45)
W/PackageManager(  367): Unknown permission com.cyanogenmod.filemanager.permissions.READ_THEME in package com.cyanogenmod.filemanager
W/PackageManager(  367): Unknown permission com.google.android.gallery3d.permission.PICASA_STORE in package com.android.dreams.phototable
W/PackageManager(  367): Unknown permission android.permission.READ_OWNER_DATA in package com.google.android.setupwizard
W/PackageManager(  367): Unknown permission android.permission.WRITE_OWNER_DATA in package com.google.android.setupwizard
W/PackageManager(  367): Unknown permission com.google.android.voicesearch.SHORTCUTS_ACCESS in package com.google.android.googlequicksearchbox
W/PackageManager(  367): Unknown permission com.google.googlenav.friend.permission.OPT_IN in package com.google.android.googlequicksearchbox
W/PackageManager(  367): Unknown permission com.google.android.apps.maps.permission.PREFETCH in package com.google.android.googlequicksearchbox
W/PackageManager(  367): Unknown permission com.google.android.apps.googlevoice.permission.AUTO_SEND in package com.google.android.googlequicksearchbox
W/PackageManager(  367): Not granting permission android.permission.SEND_DOWNLOAD_COMPLETED_INTENTS to package com.android.vending (protectionLevel=2 flags=0xabe45)
W/PackageManager(  367): Unknown permission android.permission.ACCESS_4G_RADIO_DISABLE in package com.android.systemui
W/PackageManager(  367): Unknown permission android.permission.ACCESS_4G_STATE in package com.android.systemui
W/PackageManager(  367): Unknown permission android.permission.CHANGE_4G_STATE in package com.android.systemui
W/PackageManager(  367): Unknown permission com.google.android.gallery3d.permission.GALLERY_PROVIDER in package com.android.exchange
W/PackageManager(  367): Unknown permission com.google.android.gallery3d.permission.GALLERY_PROVIDER in package com.google.android.gm
W/PackageManager(  367): Unknown permission com.google.android.gallery3d.permission.GALLERY_PROVIDER in package com.android.email
W/PackageManager(  367): Not granting permission android.permission.DEVICE_POWER to package com.android.deskclock (protectionLevel=2 flags=0x8be45)
W/PackageManager(  367): Not granting permission android.permission.READ_DREAM_STATE to package com.google.android.gsf (protectionLevel=2 flags=0x83e45)
D/dalvikvm(  367): GC_CONCURRENT freed 377K, 13% free 3932K/4488K, paused 3ms+3ms, total 49ms
D/dalvikvm(  367): GC_EXPLICIT freed 231K, 16% free 3820K/4508K, paused 3ms+3ms, total 51ms
I/SystemServer(  367): User Service
I/SystemServer(  367): Account Manager
I/SystemServer(  367): Content Manager
I/SystemServer(  367): System Content Providers
I/ActivityThread(  367): Pub settings: com.android.providers.settings.SettingsProvider
D/SettingsProvider(  367): cache for settings table 'global' rows=43; fullycached=true
D/SettingsProvider(  367): cache for settings table 'secure' rows=50; fullycached=true
D/SettingsProvider(  367): cache for settings table 'system' rows=38; fullycached=true
I/SystemServer(  367): Lights Service
I/SystemServer(  367): Battery Service
I/libsuspend(  367): Selected early suspend
I/libsuspend(  367): Starting early suspend unblocker thread
D/PermissionCache(   98): checking android.permission.ACCESS_SURFACE_FLINGER for uid=1000 => granted (1403 us)
D/SurfaceFlinger(   98): Screen acquired, type=0 flinger=0x4051c3a8
D/SurfaceFlinger(   98):  screen was previously acquired
D/AlarmManagerService(  367): Kernel timezone updated to 360 minutes west of GMT
I/SystemServer(  367): Vibrator Service
I/SystemServer(  367): Alarm Manager
I/SystemServer(  367): Init Watchdog
I/SystemServer(  367): Input Manager
I/InputManager(  367): Initializing input manager, mUseDevInputEventForAudioJack=false
I/SystemServer(  367): Window Manager
D/dalvikvm(  367): GC_CONCURRENT freed 278K, 12% free 3999K/4508K, paused 2ms+3ms, total 37ms
E/WVMExtractor(  101): Failed to open libwvm.so
E/Trace   (  101): error opening trace file: No such file or directory (2)
D/Sensors (  367): newState = 0
I/InputManager(  367): Starting input manager
D/BluetoothManagerService(  367): Loading stored name and address
D/BluetoothManagerService(  367): Stored bluetooth Name=Kindle Fire,Address=22:22:68:E5:A1:C8
D/BluetoothManagerService(  367): airplaneModeOn: false bluetoothOn: false
I/SystemServer(  367): Bluetooth Manager Service
I/SystemServer(  367): Input Method Service
E/EventHub(  367): could not get driver version for /dev/input/mice, Not a typewriter
W/InputMethodManagerService(  367): Couldn't create dir.: /data/system/inputmethod
D/EventHub(  367): No input device configuration file found for device 'bma250'.
E/EventHub(  367): could not get driver version for /dev/input/js0, Invalid argument
I/SystemServer(  367): Accessibility Manager
E/Trace   (  367): error opening trace file: No such file or directory (2)
I/ActivityManager(  367): Config changed: {1.0 ?mcc?mnc en_US ldltr sw600dp w600dp h951dp 160dpi lrg port ?uimode ?night -touch -keyb/v/h -nav/h s.2 themeResource=null}
I/SystemServer(  367): Mount Service
D/MountService(  367): got storage path: /storage/sdcard0 description: Internal storage primary: true removable: false emulated: false mtpReserve: 0 allowMassStorage: true maxFileSize: 0
D/MountService(  367): addVolumeLocked() StorageVolume [mStorageId=0 mPath=/storage/sdcard0 mDescriptionId=17040641 mPrimary=true mRemovable=false mEmulated=false mMtpReserveSpace=0 mAllowMassStorage=true mMaxFileSize=0 mOwner=null]
I/SystemServer(  367): LockSettingsService
I/SystemServer(  367): Device Policy
D/VoldCmdListener(   92): volume list
I/SystemServer(  367): Status Bar
I/SystemServer(  367): Clipboard Service
D/EventHub(  367): No input device configuration file found for device 'OMAP4_Qoo-ABE Headset Jack'.
I/EventHub(  367): New device: id=2, fd=107, path='/dev/input/event3', name='OMAP4_Qoo-ABE Headset Jack', classes=0x80, configuration='', keyLayout='', keyCharacterMap='', builtinKeyboard=false, usingSuspendBlockIoctl=true, usingClockIoctl=false
I/PackageManager(  367): Updating external media status from unmounted to unmounted
I/EventHub(  367): New device: id=3, fd=108, path='/dev/input/event1', name='ilitek_i2c', classes=0x14, configuration='/system/usr/idc/ilitek_i2c.idc', keyLayout='', keyCharacterMap='', builtinKeyboard=false, usingSuspendBlockIoctl=true, usingClockIoctl=false
I/SystemServer(  367): NetworkManagement Service
I/MountService(  367): Updating valid state unmounted
D/MountService(  367): volume state changed for /storage/sdcard0 (null -> unmounted)
W/MountService(  367): getSecureContainerList() called when storage not mounted
D/VoldCmdListener(   92): asec list
I/SystemServer(  367): Text Service Manager Service
I/PackageManager(  367): No secure containers on sdcard
I/EventHub(  367): New device: id=4, fd=109, path='/dev/input/event2', name='twl6030_pwrbutton', classes=0x1, configuration='/system/usr/idc/twl6030_pwrbutton.idc', keyLayout='/system/usr/keylayout/twl6030_pwrbutton.kl', keyCharacterMap='/system/usr/keychars/Generic.kcm', builtinKeyboard=false, usingSuspendBlockIoctl=true, usingClockIoctl=false
W/PackageManager(  367): Unknown permission android.permission.ADD_SYSTEM_SERVICE in package com.android.phone
W/PackageManager(  367): Unknown permission com.android.vending.billing.IBillingAccountService.BIND2 in package com.google.android.gsf.login
W/PackageManager(  367): Unknown permission com.android.chrome.TOS_ACKED in package com.google.android.gsf.login
W/PackageManager(  367): Unknown permission com.google.android.gallery3d.permission.GALLERY_PROVIDER in package com.android.bluetooth
I/InputReader(  367): Device added: id=-1, name='Virtual', sources=0x00000301
I/InputReader(  367): Device added: id=4, name='twl6030_pwrbutton', sources=0x00000101
I/InputReader(  367):   Touch device 'ilitek_i2c' could not query the properties of its associated display.  The device will be inoperable until the display size becomes available.
I/InputReader(  367): Device added: id=3, name='ilitek_i2c', sources=0x00001002
I/InputReader(  367): Device added: id=2, name='OMAP4_Qoo-ABE Headset Jack', sources=0x80000000
I/InputReader(  367): Reconfiguring input devices.  changes=0x00000004
I/InputReader(  367): Device reconfigured: id=3, name='ilitek_i2c', size 600x1024, orientation 0, mode 1, display id 0
I/ActivityManager(  367): Config changed: {1.0 ?mcc?mnc en_US ldltr sw600dp w600dp h951dp 160dpi lrg port ?uimode ?night finger -keyb/v/h -nav/h s.3 themeResource=null}
W/PackageManager(  367): Not granting permission android.permission.SEND_DOWNLOAD_COMPLETED_INTENTS to package com.android.browser (protectionLevel=2 flags=0x89be45)
W/PackageManager(  367): Unknown permission com.cyanogenmod.filemanager.permissions.READ_THEME in package com.cyanogenmod.filemanager
W/PackageManager(  367): Unknown permission com.google.android.gallery3d.permission.PICASA_STORE in package com.android.dreams.phototable
W/PackageManager(  367): Unknown permission android.permission.READ_OWNER_DATA in package com.google.android.setupwizard
W/PackageManager(  367): Unknown permission android.permission.WRITE_OWNER_DATA in package com.google.android.setupwizard
W/PackageManager(  367): Unknown permission com.google.android.voicesearch.SHORTCUTS_ACCESS in package com.google.android.googlequicksearchbox
W/PackageManager(  367): Unknown permission com.google.googlenav.friend.permission.OPT_IN in package com.google.android.googlequicksearchbox
W/PackageManager(  367): Unknown permission com.google.android.apps.maps.permission.PREFETCH in package com.google.android.googlequicksearchbox
W/PackageManager(  367): Unknown permission com.google.android.apps.googlevoice.permission.AUTO_SEND in package com.google.android.googlequicksearchbox
W/PackageManager(  367): Not granting permission android.permission.SEND_DOWNLOAD_COMPLETED_INTENTS to package com.android.vending (protectionLevel=2 flags=0x8abe45)
W/PackageManager(  367): Unknown permission android.permission.ACCESS_4G_RADIO_DISABLE in package com.android.systemui
W/PackageManager(  367): Unknown permission android.permission.ACCESS_4G_STATE in package com.android.systemui
W/PackageManager(  367): Unknown permission android.permission.CHANGE_4G_STATE in package com.android.systemui
W/PackageManager(  367): Unknown permission com.google.android.gallery3d.permission.GALLERY_PROVIDER in package com.android.exchange
W/PackageManager(  367): Unknown permission com.google.android.gallery3d.permission.GALLERY_PROVIDER in package com.google.android.gm
D/dalvikvm(  367): GC_CONCURRENT freed 362K, 12% free 4150K/4692K, paused 3ms+3ms, total 42ms
D/dalvikvm(  367): WAIT_FOR_CONCURRENT_GC blocked 15ms
W/PackageManager(  367): Unknown permission com.google.android.gallery3d.permission.GALLERY_PROVIDER in package com.android.email
W/PackageManager(  367): Not granting permission android.permission.DEVICE_POWER to package com.android.deskclock (protectionLevel=2 flags=0x88be45)
W/PackageManager(  367): Not granting permission android.permission.READ_DREAM_STATE to package com.google.android.gsf (protectionLevel=2 flags=0x883e45)
I/SystemServer(  367): NetworkStats Service
I/SystemServer(  367): NetworkPolicy Service
I/SystemServer(  367): Wi-Fi P2pService
I/SystemServer(  367): Wi-Fi Service
E/CommandListener(   96): Failed to open /proc/sys/net/ipv6/conf/wlan0/disable_ipv6: No such file or directory
E/WifiStateMachine(  367): Failed to disable IPv6: java.lang.IllegalStateException: command '1 interface ipv6 wlan0 disable' failed with '400 1 Failed to change IPv6 state (No such file or directory)'
I/SystemServer(  367): Connectivity Service
D/ConnectivityService(  367): ConnectivityService starting up
E/ConnectivityService(  367): Ignoring protectedNetwork 10
E/ConnectivityService(  367): Ignoring protectedNetwork 11
E/ConnectivityService(  367): Ignoring protectedNetwork 12
D/BluetoothTethering(  367): startMonitoring: target: Handler (com.android.server.ConnectivityService$NetworkStateTrackerHandler) {41211418}
D/BluetoothManagerService(  367): Message: 20
D/BluetoothManagerService(  367): Added callback: android.bluetooth.BluetoothAdapter$1@412160f8:true
D/BluetoothPan(  367): BluetoothPan() call bindService
D/BluetoothManagerService(  367): Message: 30
D/BluetoothPan(  367): BluetoothPan(), bindService called
W/ApplicationContext(  367): Calling a method in the system process without a qualified user: android.app.ContextImpl.bindService:1437 android.bluetooth.BluetoothPan.<init>:141 android.bluetooth.BluetoothAdapter.getProfileProxy:1164 
I/WifiService(  367): WifiService starting up with Wi-Fi enabled
D/WifiService(  367): setWifiEnabled: true pid=367, uid=1000
D/WifiWatchdogStateMachine(  367): Disabling poor network avoidance for wi-fi only device
I/SystemServer(  367): Network Service Discovery Service
D/NsdService(  367): Network service discovery enabled true
I/SystemServer(  367): Throttle Service
I/SystemServer(  367): UpdateLock Service
D/dalvikvm(  367): GC_CONCURRENT freed 298K, 10% free 4366K/4844K, paused 4ms+6ms, total 64ms
D/dalvikvm(  367): WAIT_FOR_CONCURRENT_GC blocked 17ms
D/ProfileService(  367): Found active: cda11f22-16f5-41f1-8804-043bd6274988
I/SystemServer(  367): Profile Manager
D/ProfileService(  367): Set active profile to: cda11f22-16f5-41f1-8804-043bd6274988 - Default
D/ProfileService(  367): Saving profile data...
D/ProfileService(  367): Save completed.
I/SystemServer(  367): Notification Manager
I/SystemServer(  367): Device Storage Monitor
I/SystemServer(  367): starting SUPL Service (SystemServer)
I/SystemServer(  367): Location Manager
I/SystemServer(  367): Country Detector
I/SystemServer(  367): Search Service
I/SystemServer(  367): DropBox Service
I/SystemServer(  367): Wallpaper Service
I/SystemServer(  367): Audio Service
I/AudioService(  367):   Remote Control   registerMediaButtonIntent() for PendingIntent{41189560: PendingIntentRecord{41268ae8 android broadcastIntent}}
D/dalvikvm(  367): GC_CONCURRENT freed 374K, 11% free 4510K/5068K, paused 3ms+3ms, total 49ms
D/dalvikvm(  367): WAIT_FOR_CONCURRENT_GC blocked 8ms
I/SystemServer(  367): Dock Observer
W/DockObserver(  367): This kernel does not have dock station support
I/SystemServer(  367): Wired Accessory Observer
W/WiredAccessoryManager(  367): This kernel does not have usb audio support
W/WiredAccessoryManager(  367): This kernel does not have samsung usb dock audio support
W/WiredAccessoryManager(  367): This kernel does not have HDMI audio support
I/SystemServer(  367): USB Service
I/SystemServer(  367): Serial Service
I/SystemServer(  367): Twilight Service
I/SystemServer(  367): UI Mode Manager Service
I/SystemServer(  367): Backup Service
V/BackupManagerService(  367): No ancestral data
I/BackupManagerService(  367): Found stale backup journal, scheduling
I/BackupManagerService(  367):   android
I/BackupManagerService(  367):   com.android.browser
I/BackupManagerService(  367):   com.android.calendar
I/BackupManagerService(  367):   com.android.inputmethod.latin
I/BackupManagerService(  367):   com.android.providers.settings
I/BackupManagerService(  367):   com.android.providers.userdictionary
I/BackupManagerService(  367):   com.android.sharedstoragebackup
I/BackupManagerService(  367):   com.android.vending
I/BackupManagerService(  367):   com.google.android.gm
I/BackupManagerService(  367):   com.google.android.marvin.talkback
I/BackupManagerService(  367): Backup enabled => false
D/dalvikvm(  367): GC_CONCURRENT freed 453K, 13% free 4519K/5152K, paused 4ms+5ms, total 63ms
I/SystemServer(  367): AppWidget Service
I/SystemServer(  367): Recognition Service
I/SystemServer(  367): DiskStats Service
I/SystemServer(  367): SamplingProfiler Service
I/SystemServer(  367): NetworkTimeUpdateService
I/SystemServer(  367): CommonTimeManagementService
I/SystemServer(  367): CertBlacklister
I/WindowManager(  367): SAFE MODE not enabled
D/dalvikvm(  367): JIT started for system_server
I/SystemServer(  367): Dreams Service
I/SystemServer(  367): AssetRedirectionManager Service
D/CommandListener(   96): Setting iface cfg
D/CommandListener(   96): Trying to bring down wlan0
D/WifiHW  (  367): added/removed p2p interface. add: 1
I/ActivityManager(  367): System now ready
I/SystemServer(  367): Making services ready
D/SystemServer(  367): Starting service: Intent { cmp=com.android.systemui/.SystemUIService }
I/Zygote  (  367): Process: zygote socket opened
I/ActivityManager(  367): Start proc com.android.systemui for service com.android.systemui/.SystemUIService: pid=449 uid=10040 gids={50040, 1028, 1015, 3002, 3001}
I/MountService(  367): doMountVolume: Mouting /storage/sdcard0
D/NetworkManagementService(  367): enabling bandwidth control
D/VoldCmdListener(   92): volume mount /storage/sdcard0
I/Vold    (   92): /dev/block/vold/179:12 being considered for volume sdcard
D/Vold    (   92): Volume sdcard state changing 1 (Idle-Unmounted) -> 3 (Checking)
I/MountService(  367): onEvent:: raw= 605 Volume sdcard /storage/sdcard0 state changed from 1 (Idle-Unmounted) to 3 (Checking) cooked =  605 Volume sdcard /storage/sdcard0 state changed from 1 (Idle-Unmounted) to 3 (Checking)
I/MountService(  367): notifyVolumeStateChange::unmounted
I/MountService(  367): updating volume state checking
D/MountService(  367): volume state changed for /storage/sdcard0 (unmounted -> checking)
D/MountService(  367): sendStorageIntent Intent { act=android.intent.action.MEDIA_CHECKING dat=file:///storage/sdcard0 (has extras) } to UserHandle{-1}
I/wpa_supplicant(  447): Successfully initialized wpa_supplicant
E/Trace   (  449): error opening trace file: No such file or directory (2)
I//system/bin/fsck_msdos(   92): ** /dev/block/vold/179:12
I//system/bin/fsck_msdos(   92): ** Phase 1 - Read FAT (compare skipped)
I//system/bin/fsck_msdos(   92): Attempting to allocate 5121 KB for FAT
I/wpa_supplicant(  447): rfkill: Cannot open RFKILL control device
I/keystore(  103): uid: 1000 action: e -> 7 state: 3 -> 3 retry: 4
D/SystemUIService(  449): loading: class com.android.systemui.statusbar.phone.PhoneStatusBar
D/SystemUIService(  449): running: com.android.systemui.statusbar.phone.PhoneStatusBar@4102ce10
I/keystore(  103): uid: 1000 action: e -> 7 state: 3 -> 3 retry: 4
I/StatusBarManagerService(  367): registerStatusBar bar=com.android.internal.statusbar.IStatusBar$Stub$Proxy@4104d338
I/ActivityManager(  367): Start proc android.process.media for broadcast com.android.providers.media/.MtpReceiver: pid=508 uid=10017 gids={50017, 1015, 1023, 1024, 1028, 2001, 3003, 3007}
I/ActivityManager(  367): Config changed: {1.0 ?mcc?mnc en_US ldltr sw600dp w600dp h951dp 160dpi lrg port finger -keyb/v/h -nav/h s.4 themeResource=null}
D/dalvikvm(  449): GC_CONCURRENT freed 148K, 12% free 2569K/2896K, paused 4ms+4ms, total 46ms
E/Trace   (  508): error opening trace file: No such file or directory (2)
I/PowerWidget(  449): Clearing any old widget stuffs
I/PowerWidget(  449): Setting up widget
I/PowerWidget(  449): Default buttons being loaded
I/PowerWidget(  449): Button list: toggleWifi|toggleBluetooth|toggleGPS|toggleSound
I/ActivityThread(  508): Pub media: com.android.providers.media.MediaProvider
I/ActivityThread(  508): Pub downloads: com.android.providers.downloads.DownloadProvider
I/ActivityThread(  508): Pub drm: com.android.providers.drm.DrmProvider
I/DownloadManager(  508): in removeSpuriousFiles
D/dalvikvm(  449): GC_CONCURRENT freed 64K, 8% free 3010K/3248K, paused 3ms+1ms, total 55ms
W/InputMethodManagerService(  367): Ignoring setImeWindowStatus of uid 1000 token: null
I/ActivityManager(  367): Start proc com.android.inputmethod.latin for service com.android.inputmethod.latin/.LatinIME: pid=528 uid=10025 gids={50025, 1028}
D/dalvikvm(  367): GC_CONCURRENT freed 353K, 11% free 4694K/5220K, paused 2ms+7ms, total 91ms
I/CommonTimeManagementService(  367): No common time service detected on this platform.  Common time services will be unavailable.
I/InputReader(  367): Reconfiguring input devices.  changes=0x00000020
I/InputReader(  367): Reconfiguring input devices.  changes=0x00000010
I/ActivityManager(  367): Start proc com.android.phone for added application com.android.phone: pid=542 uid=1001 gids={41001, 3002, 3001, 3003, 1015, 1028}
W/ActivityManager(  367): Broadcast Intent { act=android.intent.action.USER_STARTING flg=0x40000010 (has extras) } not ordered but result callback requested!
W/ThrottleService(  367): unable to find stats for iface rmnet0
I/LocationBlacklist(  367): whitelist: []
I/ActivityManager(  367): START u0 {act=android.intent.action.MAIN cat=[android.intent.category.HOME] flg=0x10000000 cmp=com.cyanogenmod.trebuchet/.Launcher} from pid 0
I/wpa_supplicant(  447): rfkill: Cannot open RFKILL control device
I/ActivityManager(  367): Start proc com.cyanogenmod.trebuchet for activity com.cyanogenmod.trebuchet/.Launcher: pid=553 uid=10042 gids={50042, 1028}
I/SystemServer(  367): Enabled StrictMode for system server main thread.
I/LocationBlacklist(  367): blacklist: []
I/ActivityManager(  367): Start proc com.google.android.apps.uploader for broadcast com.google.android.apps.uploader/com.google.android.picasasync.BatteryReceiver: pid=570 uid=10056 gids={50056, 3003, 1015, 1028}
E/wpa_supplicant(  447): Unsupported command: BTCOEXSCAN-STOP
E/Trace   (  528): error opening trace file: No such file or directory (2)
E/Trace   (  553): error opening trace file: No such file or directory (2)
E/Trace   (  542): error opening trace file: No such file or directory (2)
D/CommandListener(   96): Setting iface cfg
D/CommandListener(   96): Trying to bring up p2p0
D/BluetoothManagerService(  367): Message: 20
D/BluetoothManagerService(  367): Added callback: android.bluetooth.IBluetoothManagerCallback$Stub$Proxy@4100d628:true
D/BluetoothAdapter(  449): 1091444616: getState() :  mService = null. Returning STATE_OFF
D/BluetoothAdapter(  449): 1091444616: getState() :  mService = null. Returning STATE_OFF
D/BluetoothAdapter(  449): 1091444616: getState() :  mService = null. Returning STATE_OFF
E/wpa_supplicant(  447): Unsupported command: COUNTRY
E/WifiStateMachine(  367): Failed to set country code null
E/wpa_supplicant(  447): Unsupported command: SCAN-ACTIVE
E/wpa_supplicant(  447): Unsupported command: SCAN-PASSIVE
I/QuickSettingsController(  449): Default tiles being loaded
I/QuickSettingsController(  449): Tiles list: toggleUser|toggleBrightness|toggleSettings|toggleWifi|toggleBattery|toggleAirplane|toggleBluetooth
E/Trace   (  570): error opening trace file: No such file or directory (2)
I//system/bin/fsck_msdos(   92): ** Phase 2 - Check Cluster Chains
I/ActivityThread(  570): Pub com.google.android.apps.uploader.PicasaUploadProvider: com.google.android.picasasync.PicasaContentProvider1
I/ActivityManager(  367): Start proc com.google.process.location for service com.google.android.location/.NetworkLocationService: pid=608 uid=10035 gids={50035, 3003, 1007, 1028, 1015, 2001, 3006}
I/ActivityThread(  542): Pub telephony: com.android.providers.telephony.TelephonyProvider
D/dalvikvm(  449): GC_CONCURRENT freed 72K, 7% free 3357K/3608K, paused 2ms+11ms, total 45ms
W/TelephonyProvider(  542): onCreate: confFile=/system/etc/apns-conf.xml oldCheckSum=-1
D/TelephonyManager(  542): getLteOnCdmaMode=0 curVal=-1 product_type='' lteOnCdmaProductType=''
I/ActivityThread(  542): Pub icc: com.android.phone.IccProvider
I/ActivityThread(  553): Pub com.cyanogenmod.trebuchet.settings: com.cyanogenmod.trebuchet.LauncherProvider
I/LatinIME(  528): Hardware accelerated drawing: true
I/ActivityManager(  367): Start proc com.android.location.fused for service com.android.location.fused/.FusedLocationService: pid=623 uid=10020 gids={50020, 1028}
I/ActivityThread(  542): Pub mms: com.android.providers.telephony.MmsProvider
I/ActivityThread(  542): Pub sms: com.android.providers.telephony.SmsProvider
I/ActivityThread(  542): Pub mms-sms: com.android.providers.telephony.MmsSmsProvider
E/Trace   (  608): error opening trace file: No such file or directory (2)
W/SubtypeLocale(  528): KeyboardLayoutSet not found, use QWERTY: locale=hu_ZZ extraValue=AsciiCapable,SupportTouchPositionCorrection
D/TelephonyManager(  542): getLteOnCdmaMode=0 curVal=-1 product_type='' lteOnCdmaProductType=''
D/dalvikvm(  570): GC_CONCURRENT freed 404K, 20% free 2397K/2976K, paused 4ms+32ms, total 83ms
D/dalvikvm(  570): WAIT_FOR_CONCURRENT_GC blocked 21ms
D/dalvikvm(  528): GC_CONCURRENT freed 251K, 13% free 2591K/2976K, paused 5ms+1ms, total 86ms
E/Trace   (  623): error opening trace file: No such file or directory (2)
I/ActivityManager(  367): Start proc android.process.acore for content provider com.android.providers.contacts/.ContactsProvider2: pid=643 uid=10001 gids={50001, 3003, 1015, 1028}
D/BluetoothAdapter(  449): 1091444616: getState() :  mService = null. Returning STATE_OFF
W/InputAttributes(  528): No editor info for this field. Bug?
D/dalvikvm(   99): GC_EXPLICIT freed 35K, 9% free 2297K/2508K, paused 2ms+2ms, total 23ms
D/dalvikvm(   99): GC_EXPLICIT freed <1K, 9% free 2297K/2508K, paused 2ms+1ms, total 20ms
D/dalvikvm(   99): GC_EXPLICIT freed <1K, 9% free 2297K/2508K, paused 1ms+1ms, total 18ms
D/BluetoothAdapter(  449): 1091444616: getState() :  mService = null. Returning STATE_OFF
D/BluetoothAdapter(  449): 1091444616: getState() :  mService = null. Returning STATE_OFF
D/BluetoothAdapter(  449): 1091444616: getState() :  mService = null. Returning STATE_OFF
D/BluetoothAdapter(  449): 1091444616: getState() :  mService = null. Returning STATE_OFF
D/BluetoothAdapter(  449): 1091444616: getState() :  mService = null. Returning STATE_OFF
I/ActivityManager(  367): Start proc com.android.settings for broadcast com.android.settings/.widget.SettingsAppWidgetProvider: pid=655 uid=1000 gids={41000, 1015, 1028, 3002, 3001, 3003, 3007}
W/Settings(  542): Setting airplane_mode_on has moved from android.provider.Settings.System to android.provider.Settings.Global, returning read-only value.
W/Settings(  542): Setting auto_time has moved from android.provider.Settings.System to android.provider.Settings.Global, returning read-only global URI.
I/ActivityManager(  367): Start proc com.google.process.gapps for content provider com.google.android.gsf/.settings.GoogleSettingsProvider: pid=661 uid=10035 gids={50035, 3003, 1007, 1028, 1015, 2001, 3006}
W/Settings(  542): Setting auto_time_zone has moved from android.provider.Settings.System to android.provider.Settings.Global, returning read-only global URI.
I/ActivityManager(  367): Start proc com.google.android.inputmethod.latin.dictionarypack for content provider com.google.android.inputmethod.latin.dictionarypack/.DictionaryProvider: pid=676 uid=10055 gids={50055, 3003, 1015, 1028}
I/ActivityManager(  367): Start proc com.android.smspush for service com.android.smspush/.WapPushManager: pid=686 uid=10047 gids={50047, 1028}
D/dalvikvm(  367): GC_CONCURRENT freed 456K, 12% free 4840K/5476K, paused 15ms+19ms, total 268ms
D/dalvikvm(  367): WAIT_FOR_CONCURRENT_GC blocked 19ms
D/dalvikvm(  367): WAIT_FOR_CONCURRENT_GC blocked 10ms
D/dalvikvm(  367): WAIT_FOR_CONCURRENT_GC blocked 11ms
D/dalvikvm(  553): GC_CONCURRENT freed 208K, 14% free 2481K/2868K, paused 6ms+13ms, total 100ms
E/Trace   (  643): error opening trace file: No such file or directory (2)
D/dalvikvm(  367): WAIT_FOR_CONCURRENT_GC blocked 43ms
E/Trace   (  661): error opening trace file: No such file or directory (2)
E/Trace   (  655): error opening trace file: No such file or directory (2)
I/ActivityThread(  643): Pub com.android.voicemail: com.android.providers.contacts.VoicemailContentProvider
I/ActivityThread(  643): Pub com.android.contacts.dumpfile: com.android.providers.contacts.debug.DumpFileProvider
I/ActivityThread(  643): Pub user_dictionary: com.android.providers.userdictionary.UserDictionaryProvider
I/ActivityThread(  661): Pub com.google.settings: com.google.android.gsf.settings.GoogleSettingsProvider
I/ActivityThread(  643): Pub applications: com.android.providers.applications.ApplicationsProvider
I/ActivityThread(  661): Pub subscribedfeeds: com.google.android.gsf.subscribedfeeds.SubscribedFeedsProvider
I/PowerWidget(  449): Clearing any old widget stuffs
D/TelephonyManager(  542): getLteOnCdmaMode=0 curVal=-1 product_type='' lteOnCdmaProductType=''
D/CallManager(  542): registerPhone(GSM Handler (com.android.internal.telephony.PhoneProxy) {410232e0})
I/PowerWidget(  449): Setting up widget
I/PowerWidget(  449): Default buttons being loaded
I/PowerWidget(  449): Button list: toggleWifi|toggleBluetooth|toggleGPS|toggleSound
E/Trace   (  676): error opening trace file: No such file or directory (2)
E/Trace   (  686): error opening trace file: No such file or directory (2)
D/BluetoothManagerService(  367): Message: 20
D/BluetoothManagerService(  367): Added callback: android.bluetooth.IBluetoothManagerCallback$Stub$Proxy@411c3ef8:true
I/ActivityThread(  676): Pub com.android.inputmethod.latin.dictionarypack: com.google.android.inputmethod.latin.dictionarypack.DictionaryProvider
D/BluetoothManagerService(  367): Message: 20
D/BluetoothManagerService(  367): Added callback: android.bluetooth.IBluetoothManagerCallback$Stub$Proxy@4128b9d8:true
D/PhoneStatusBar(  449): disable: < expand icons alerts ticker system_info back home recent clock search >
D/BluetoothAdapter(  655): 1090671840: getState() :  mService = null. Returning STATE_OFF
D/BluetoothManagerService(  367): Message: 30
D/PackageManager(  367): generateServicesMap() for 0
W/ApplicationContext(  655): Calling a method in the system process without a qualified user: android.app.ContextImpl.bindService:1437 android.content.ContextWrapper.bindService:473 android.bluetooth.BluetoothInputDevice.<init>:240 
I/ActivityThread(  643): Pub contacts;com.android.contacts: com.android.providers.contacts.ContactsProvider2
D/BluetoothManagerService(  367): Message: 30
D/BluetoothPan(  655): BluetoothPan() call bindService
D/dalvikvm(  542): GC_CONCURRENT freed 159K, 12% free 2540K/2876K, paused 3ms+3ms, total 94ms
W/ApplicationContext(  655): Calling a method in the system process without a qualified user: android.app.ContextImpl.bindService:1437 android.content.ContextWrapper.bindService:473 android.bluetooth.BluetoothPan.<init>:141 
D/BluetoothPan(  655): BluetoothPan(), bindService called
D/BluetoothManagerService(  367): Message: 30
D/BluetoothManagerService(  367): Message: 30
D/LocalBluetoothProfileManager(  655): LocalBluetoothProfileManager construction complete
D/BluetoothAdapter(  655): 1090671840: getState() :  mService = null. Returning STATE_OFF
D/BluetoothAdapter(  655): 1090671840: getState() :  mService = null. Returning STATE_OFF
W/ApplicationContext(  655): Calling a method in the system process without a qualified user: android.app.ContextImpl.bindService:1437 android.content.ContextWrapper.bindService:473 android.bluetooth.BluetoothPbap.<init>:161 
W/ActivityManager(  367): Unable to start service Intent { act=com.android.ussd.IExtendedNetworkService } U=0: not found
D/dalvikvm(  449): GC_CONCURRENT freed 155K, 9% free 3683K/4016K, paused 3ms+16ms, total 84ms
