W/ApplicationContext(  367): Calling a method in the system process without a qualified user: android.app.ContextImpl.sendBroadcast:1063 com.android.server.usb.UsbSettingsManager.deviceAttached:619 com.android.server.usb.UsbHostManager.usbDeviceAdded:154
W/ThrottleService(  367): unable to find stats for iface rmnet0
V/CAMMS-UAO( 1170): received Event '{MINOR=13, MAJOR=116, SUBSYSTEM=sound, DEVNAME=snd/pcmC1D2p, DEVPATH=/devices/platform/omap/musb-omap2430/musb-hdrc/usb1/1-1/1-1:1.1/sound/card1/pcmC1D2p, SEQNUM=2358, ACTION=add}'
W/ApplicationContext( 1170): Calling a method in the system process without a qualified user: android.app.ContextImpl.sendBroadcast:1063 android.content.ContextWrapper.sendBroadcast:338 com.midml.cam.CarAudioManageManagementService.sendAudioIntent:53
W/ApplicationContext(  367): Calling a method in the system process without a qualified user: android.app.ContextImpl.sendBroadcast:1063 com.android.server.usb.UsbSettingsManager.deviceAttached:619 com.android.server.usb.UsbHostManager.usbDeviceAdded:154
I/HeadsetService(  815): Headset=false; Bluetooth=false
V/AudioService(  367): Broadcast Receiver: Got ACTION_USB_AUDIO_ACCESSORY_PLUG, state = 1, card: 1, device: 2
D/CAMMS   ( 1170): broadcast sticky intent    Intent { act=android.intent.action.USB_AUDIO_ACCESSORY_PLUG (has extras) }
I/ActivityManager(  367): Start proc com.andrew.apollo:main for broadcast com.andrew.apollo/.service.MediaButtonIntentReceiver: pid=1399 uid=10000 gids={50000, 3003, 1015, 1028}
W/ApplicationContext( 1170): Calling a method in the system process without a qualified user: android.app.ContextImpl.sendStickyBroadcast:1198 android.content.ContextWrapper.sendStickyBroadcast:383 com.midml.cam.CarAudioManageManagementService.sendAudioIntent:65
V/CAMMS-UAO( 1170): received Event '{MINOR=14, MAJOR=116, SUBSYSTEM=sound, DEVNAME=snd/pcmC1D1p, DEVPATH=/devices/platform/omap/musb-omap2430/musb-hdrc/usb1/1-1/1-1:1.1/sound/card1/pcmC1D1p, SEQNUM=2359, ACTION=add}'
E/AudioPolicyManagerBase(  101): setDeviceConnectionState() invalid USB audio device: 2000
W/ApplicationContext( 1170): Calling a method in the system process without a qualified user: android.app.ContextImpl.sendBroadcast:1063 android.content.ContextWrapper.sendBroadcast:338 com.midml.cam.CarAudioManageManagementService.sendAudioIntent:53
I/HeadsetService(  815): Headset=false; Bluetooth=false
V/AudioService(  367): Broadcast Receiver: Got ACTION_USB_AUDIO_ACCESSORY_PLUG, state = 1, card: 1, device: 1
D/CAMMS   ( 1170): broadcast sticky intent    Intent { act=android.intent.action.USB_AUDIO_ACCESSORY_PLUG (has extras) }
V/CAMMS-UAO( 1170): received Event '{MINOR=15, MAJOR=116, SUBSYSTEM=sound, DEVNAME=snd/pcmC1D1c, DEVPATH=/devices/platform/omap/musb-omap2430/musb-hdrc/usb1/1-1/1-1:1.1/sound/card1/pcmC1D1c, SEQNUM=2360, ACTION=add}'
W/ApplicationContext( 1170): Calling a method in the system process without a qualified user: android.app.ContextImpl.sendStickyBroadcast:1198 android.content.ContextWrapper.sendStickyBroadcast:383 com.midml.cam.CarAudioManageManagementService.sendAudioIntent:65
E/AudioPolicyManagerBase(  101): setDeviceConnectionState() invalid USB audio device: 2000
V/CAMMS-UAO( 1170): observer path 'snd/pcmC1D1c' did not match
V/CAMMS-UAO( 1170): received Event '{MINOR=16, MAJOR=116, SUBSYSTEM=sound, DEVNAME=snd/pcmC1D0p, DEVPATH=/devices/platform/omap/musb-omap2430/musb-hdrc/usb1/1-1/1-1:1.1/sound/card1/pcmC1D0p, SEQNUM=2361, ACTION=add}'
I/HeadsetService(  815): Headset=false; Bluetooth=false
W/ApplicationContext( 1170): Calling a method in the system process without a qualified user: android.app.ContextImpl.sendBroadcast:1063 android.content.ContextWrapper.sendBroadcast:338 com.midml.cam.CarAudioManageManagementService.sendAudioIntent:53
W/ApplicationContext( 1170): Calling a method in the system process without a qualified user: android.app.ContextImpl.sendStickyBroadcast:1198 android.content.ContextWrapper.sendStickyBroadcast:383 com.midml.cam.CarAudioManageManagementService.sendAudioIntent:65
V/AudioService(  367): Broadcast Receiver: Got ACTION_USB_AUDIO_ACCESSORY_PLUG, state = 1, card: 1, device: 0
E/AudioPolicyManagerBase(  101): setDeviceConnectionState() invalid USB audio device: 2000
D/CAMMS   ( 1170): broadcast sticky intent    Intent { act=android.intent.action.USB_AUDIO_ACCESSORY_PLUG (has extras) }
V/CAMMS-UAO( 1170): received Event '{MINOR=17, MAJOR=116, SUBSYSTEM=sound, DEVNAME=snd/pcmC1D0c, DEVPATH=/devices/platform/omap/musb-omap2430/musb-hdrc/usb1/1-1/1-1:1.1/sound/card1/pcmC1D0c, SEQNUM=2362, ACTION=add}'
V/CAMMS-UAO( 1170): observer path 'snd/pcmC1D0c' did not match
E/Trace   ( 1399): error opening trace file: No such file or directory (2)
V/CAMMS-UAO( 1170): received Event '{MINOR=18, MAJOR=116, SUBSYSTEM=sound, DEVNAME=snd/controlC1, DEVPATH=/devices/platform/omap/musb-omap2430/musb-hdrc/usb1/1-1/1-1:1.1/sound/card1/controlC1, SEQNUM=2363, ACTION=add}'
V/CAMMS-UAO( 1170): observer path 'snd/controlC1' did not match
V/CAMMS-UAO( 1170): received Event '{MINOR=19, MAJOR=116, SUBSYSTEM=sound, DEVNAME=snd/midiC1D0, DEVPATH=/devices/platform/omap/musb-omap2430/musb-hdrc/usb1/1-1/1-1:1.1/sound/card1/midiC1D0, SEQNUM=2370, ACTION=add}'
V/CAMMS-UAO( 1170): observer path 'snd/midiC1D0' did not match
I/AudioService(  367):   Remote Control   registerMediaButtonIntent() for PendingIntent{41318f28: PendingIntentRecord{411e41a8 com.andrew.apollo broadcastIntent}}
